Archive member included to satisfy reference by file (symbol)

d:/progra~2/stm32c~1/gnu-to~1/bin/../lib/gcc/arm-none-eabi/9.2.1/thumb/v7-m/nofp\libgcc.a(_arm_muldf3.o)
                              CMakeFiles/GRBL_STM32F103.elf.dir/App/grbl/gcode.c.obj (__aeabi_dmul)
d:/progra~2/stm32c~1/gnu-to~1/bin/../lib/gcc/arm-none-eabi/9.2.1/thumb/v7-m/nofp\libgcc.a(_arm_mulsf3.o)
                              CMakeFiles/GRBL_STM32F103.elf.dir/App/bsp/stm32utilities.c.obj (__aeabi_fmul)
d:/progra~2/stm32c~1/gnu-to~1/bin/../lib/gcc/arm-none-eabi/9.2.1/thumb/v7-m/nofp\libgcc.a(_arm_addsubdf3.o)
                              CMakeFiles/GRBL_STM32F103.elf.dir/App/grbl/gcode.c.obj (__aeabi_dsub)
d:/progra~2/stm32c~1/gnu-to~1/bin/../lib/gcc/arm-none-eabi/9.2.1/thumb/v7-m/nofp\libgcc.a(_arm_muldivdf3.o)
                              CMakeFiles/GRBL_STM32F103.elf.dir/App/grbl/gcode.c.obj (__aeabi_ddiv)
d:/progra~2/stm32c~1/gnu-to~1/bin/../lib/gcc/arm-none-eabi/9.2.1/thumb/v7-m/nofp\libgcc.a(_arm_cmpdf2.o)
                              CMakeFiles/GRBL_STM32F103.elf.dir/App/grbl/limits.c.obj (__aeabi_dcmplt)
d:/progra~2/stm32c~1/gnu-to~1/bin/../lib/gcc/arm-none-eabi/9.2.1/thumb/v7-m/nofp\libgcc.a(_arm_fixunsdfsi.o)
                              CMakeFiles/GRBL_STM32F103.elf.dir/App/grbl/gcode.c.obj (__aeabi_d2uiz)
d:/progra~2/stm32c~1/gnu-to~1/bin/../lib/gcc/arm-none-eabi/9.2.1/thumb/v7-m/nofp\libgcc.a(_arm_truncdfsf2.o)
                              CMakeFiles/GRBL_STM32F103.elf.dir/App/grbl/gcode.c.obj (__aeabi_d2f)
d:/progra~2/stm32c~1/gnu-to~1/bin/../lib/gcc/arm-none-eabi/9.2.1/thumb/v7-m/nofp\libgcc.a(_arm_addsubsf3.o)
                              CMakeFiles/GRBL_STM32F103.elf.dir/App/grbl/gcode.c.obj (__aeabi_fsub)
d:/progra~2/stm32c~1/gnu-to~1/bin/../lib/gcc/arm-none-eabi/9.2.1/thumb/v7-m/nofp\libgcc.a(_arm_muldivsf3.o)
                              CMakeFiles/GRBL_STM32F103.elf.dir/App/grbl/motion_control.c.obj (__aeabi_fdiv)
d:/progra~2/stm32c~1/gnu-to~1/bin/../lib/gcc/arm-none-eabi/9.2.1/thumb/v7-m/nofp\libgcc.a(_arm_cmpsf2.o)
                              CMakeFiles/GRBL_STM32F103.elf.dir/App/grbl/gcode.c.obj (__aeabi_fcmpeq)
d:/progra~2/stm32c~1/gnu-to~1/bin/../lib/gcc/arm-none-eabi/9.2.1/thumb/v7-m/nofp\libgcc.a(_arm_fixsfsi.o)
                              CMakeFiles/GRBL_STM32F103.elf.dir/App/grbl/gcode.c.obj (__aeabi_f2iz)
d:/progra~2/stm32c~1/gnu-to~1/bin/../lib/gcc/arm-none-eabi/9.2.1/thumb/v7-m/nofp\libgcc.a(_arm_fixunssfsi.o)
                              CMakeFiles/GRBL_STM32F103.elf.dir/App/grbl/stepper.c.obj (__aeabi_f2uiz)
d:/progra~2/stm32c~1/gnu-to~1/bin/../lib/gcc/arm-none-eabi/9.2.1/../../../../arm-none-eabi/lib/thumb/v7-m/nofp\libg_nano.a(lib_a-errno.o)
                              CMakeFiles/GRBL_STM32F103.elf.dir/Src/syscalls.c.obj (__errno)
d:/progra~2/stm32c~1/gnu-to~1/bin/../lib/gcc/arm-none-eabi/9.2.1/../../../../arm-none-eabi/lib/thumb/v7-m/nofp\libg_nano.a(lib_a-exit.o)
                              d:/progra~2/stm32c~1/gnu-to~1/bin/../lib/gcc/arm-none-eabi/9.2.1/../../../../arm-none-eabi/lib/thumb/v7-m/nofp/crt0.o (exit)
d:/progra~2/stm32c~1/gnu-to~1/bin/../lib/gcc/arm-none-eabi/9.2.1/../../../../arm-none-eabi/lib/thumb/v7-m/nofp\libg_nano.a(lib_a-impure.o)
                              d:/progra~2/stm32c~1/gnu-to~1/bin/../lib/gcc/arm-none-eabi/9.2.1/../../../../arm-none-eabi/lib/thumb/v7-m/nofp\libg_nano.a(lib_a-exit.o) (_global_impure_ptr)
d:/progra~2/stm32c~1/gnu-to~1/bin/../lib/gcc/arm-none-eabi/9.2.1/../../../../arm-none-eabi/lib/thumb/v7-m/nofp\libg_nano.a(lib_a-init.o)
                              d:/progra~2/stm32c~1/gnu-to~1/bin/../lib/gcc/arm-none-eabi/9.2.1/../../../../arm-none-eabi/lib/thumb/v7-m/nofp/crt0.o (__libc_init_array)
d:/progra~2/stm32c~1/gnu-to~1/bin/../lib/gcc/arm-none-eabi/9.2.1/../../../../arm-none-eabi/lib/thumb/v7-m/nofp\libg_nano.a(lib_a-memcmp.o)
                              CMakeFiles/GRBL_STM32F103.elf.dir/App/grbl/gcode.c.obj (memcmp)
d:/progra~2/stm32c~1/gnu-to~1/bin/../lib/gcc/arm-none-eabi/9.2.1/../../../../arm-none-eabi/lib/thumb/v7-m/nofp\libg_nano.a(lib_a-memset.o)
                              d:/progra~2/stm32c~1/gnu-to~1/bin/../lib/gcc/arm-none-eabi/9.2.1/../../../../arm-none-eabi/lib/thumb/v7-m/nofp/crt0.o (memset)
d:/progra~2/stm32c~1/gnu-to~1/bin/../lib/gcc/arm-none-eabi/9.2.1/../../../../arm-none-eabi/lib/thumb/v7-m/nofp\libg_nano.a(lib_a-sprintf.o)
                              CMakeFiles/GRBL_STM32F103.elf.dir/App/bsp/stm32utilities.c.obj (sprintf)
d:/progra~2/stm32c~1/gnu-to~1/bin/../lib/gcc/arm-none-eabi/9.2.1/../../../../arm-none-eabi/lib/thumb/v7-m/nofp\libg_nano.a(lib_a-nano-svfprintf.o)
                              d:/progra~2/stm32c~1/gnu-to~1/bin/../lib/gcc/arm-none-eabi/9.2.1/../../../../arm-none-eabi/lib/thumb/v7-m/nofp\libg_nano.a(lib_a-sprintf.o) (_svfprintf_r)
d:/progra~2/stm32c~1/gnu-to~1/bin/../lib/gcc/arm-none-eabi/9.2.1/../../../../arm-none-eabi/lib/thumb/v7-m/nofp\libg_nano.a(lib_a-nano-vfprintf_i.o)
[...]
Memory Configuration

Name             Origin             Length             Attributes
RAM              0x20000000         0x00005000         xrw
FLASH            0x08000000         0x00010000         xr
*default*        0x00000000         0xffffffff

Linker script and memory map

LOAD d:/progra~2/stm32c~1/gnu-to~1/bin/../lib/gcc/arm-none-eabi/9.2.1/thumb/v7-m/nofp/crti.o
LOAD d:/progra~2/stm32c~1/gnu-to~1/bin/../lib/gcc/arm-none-eabi/9.2.1/thumb/v7-m/nofp/crtbegin.o
LOAD d:/progra~2/stm32c~1/gnu-to~1/bin/../lib/gcc/arm-none-eabi/9.2.1/../../../../arm-none-eabi/lib/thumb/v7-m/nofp/crt0.o
LOAD CMakeFiles/GRBL_STM32F103.elf.dir/App/bsp/inoutputs.c.obj
LOAD CMakeFiles/GRBL_STM32F103.elf.dir/App/bsp/stm32utilities.c.obj
LOAD CMakeFiles/GRBL_STM32F103.elf.dir/App/grbl/coolant_control.c.obj
LOAD CMakeFiles/GRBL_STM32F103.elf.dir/App/grbl/eeprom.c.obj
LOAD CMakeFiles/GRBL_STM32F103.elf.dir/App/grbl/gcode.c.obj
LOAD CMakeFiles/GRBL_STM32F103.elf.dir/App/grbl/jog.c.obj
LOAD CMakeFiles/GRBL_STM32F103.elf.dir/App/grbl/limits.c.obj
LOAD CMakeFiles/GRBL_STM32F103.elf.dir/App/grbl/motion_control.c.obj
LOAD CMakeFiles/GRBL_STM32F103.elf.dir/App/grbl/nuts_bolts.c.obj
LOAD CMakeFiles/GRBL_STM32F103.elf.dir/App/grbl/planner.c.obj
LOAD CMakeFiles/GRBL_STM32F103.elf.dir/App/grbl/print.c.obj
LOAD CMakeFiles/GRBL_STM32F103.elf.dir/App/grbl/probe.c.obj
LOAD CMakeFiles/GRBL_STM32F103.elf.dir/App/grbl/protocol.c.obj
LOAD CMakeFiles/GRBL_STM32F103.elf.dir/App/grbl/report.c.obj
LOAD CMakeFiles/GRBL_STM32F103.elf.dir/App/grbl/serial.c.obj
LOAD CMakeFiles/GRBL_STM32F103.elf.dir/App/grbl/settings.c.obj
LOAD CMakeFiles/GRBL_STM32F103.elf.dir/App/grbl/spindle_control.c.obj
LOAD CMakeFiles/GRBL_STM32F103.elf.dir/App/grbl/stepper.c.obj
LOAD CMakeFiles/GRBL_STM32F103.elf.dir/App/grbl/system.c.obj
LOAD CMakeFiles/GRBL_STM32F103.elf.dir/Drivers/STM32F1xx_HAL_Driver/Src/stm32f1xx_hal.c.obj
LOAD CMakeFiles/GRBL_STM32F103.elf.dir/Drivers/STM32F1xx_HAL_Driver/Src/stm32f1xx_hal_cortex.c.obj
LOAD CMakeFiles/GRBL_STM32F103.elf.dir/Drivers/STM32F1xx_HAL_Driver/Src/stm32f1xx_hal_dma.c.obj
LOAD CMakeFiles/GRBL_STM32F103.elf.dir/Drivers/STM32F1xx_HAL_Driver/Src/stm32f1xx_hal_exti.c.obj
LOAD CMakeFiles/GRBL_STM32F103.elf.dir/Drivers/STM32F1xx_HAL_Driver/Src/stm32f1xx_hal_flash.c.obj
LOAD CMakeFiles/GRBL_STM32F103.elf.dir/Drivers/STM32F1xx_HAL_Driver/Src/stm32f1xx_hal_flash_ex.c.obj
LOAD CMakeFiles/GRBL_STM32F103.elf.dir/Drivers/STM32F1xx_HAL_Driver/Src/stm32f1xx_hal_gpio.c.obj
LOAD CMakeFiles/GRBL_STM32F103.elf.dir/Drivers/STM32F1xx_HAL_Driver/Src/stm32f1xx_hal_gpio_ex.c.obj
LOAD CMakeFiles/GRBL_STM32F103.elf.dir/Drivers/STM32F1xx_HAL_Driver/Src/stm32f1xx_hal_pwr.c.obj
LOAD CMakeFiles/GRBL_STM32F103.elf.dir/Drivers/STM32F1xx_HAL_Driver/Src/stm32f1xx_hal_rcc.c.obj
LOAD CMakeFiles/GRBL_STM32F103.elf.dir/Drivers/STM32F1xx_HAL_Driver/Src/stm32f1xx_hal_rcc_ex.c.obj
LOAD CMakeFiles/GRBL_STM32F103.elf.dir/Drivers/STM32F1xx_HAL_Driver/Src/stm32f1xx_hal_tim.c.obj
LOAD CMakeFiles/GRBL_STM32F103.elf.dir/Drivers/STM32F1xx_HAL_Driver/Src/stm32f1xx_hal_tim_ex.c.obj
LOAD CMakeFiles/GRBL_STM32F103.elf.dir/Drivers/STM32F1xx_HAL_Driver/Src/stm32f1xx_ll_dma.c.obj
LOAD CMakeFiles/GRBL_STM32F103.elf.dir/Drivers/STM32F1xx_HAL_Driver/Src/stm32f1xx_ll_exti.c.obj
LOAD CMakeFiles/GRBL_STM32F103.elf.dir/Drivers/STM32F1xx_HAL_Driver/Src/stm32f1xx_ll_gpio.c.obj
LOAD CMakeFiles/GRBL_STM32F103.elf.dir/Drivers/STM32F1xx_HAL_Driver/Src/stm32f1xx_ll_rcc.c.obj
LOAD CMakeFiles/GRBL_STM32F103.elf.dir/Drivers/STM32F1xx_HAL_Driver/Src/stm32f1xx_ll_tim.c.obj
LOAD CMakeFiles/GRBL_STM32F103.elf.dir/Drivers/STM32F1xx_HAL_Driver/Src/stm32f1xx_ll_usart.c.obj
LOAD CMakeFiles/GRBL_STM32F103.elf.dir/Drivers/STM32F1xx_HAL_Driver/Src/stm32f1xx_ll_utils.c.obj
LOAD CMakeFiles/GRBL_STM32F103.elf.dir/Src/gpio.c.obj
LOAD CMakeFiles/GRBL_STM32F103.elf.dir/Src/main.c.obj
LOAD CMakeFiles/GRBL_STM32F103.elf.dir/Src/stm32f1xx_hal_msp.c.obj
LOAD CMakeFiles/GRBL_STM32F103.elf.dir/Src/stm32f1xx_it.c.obj
LOAD CMakeFiles/GRBL_STM32F103.elf.dir/Src/syscalls.c.obj
LOAD CMakeFiles/GRBL_STM32F103.elf.dir/Src/system_stm32f1xx.c.obj
LOAD CMakeFiles/GRBL_STM32F103.elf.dir/Src/tim.c.obj
LOAD CMakeFiles/GRBL_STM32F103.elf.dir/Src/usart.c.obj
LOAD CMakeFiles/GRBL_STM32F103.elf.dir/startup/startup_stm32f103xb.s.obj
START GROUP
LOAD d:/progra~2/stm32c~1/gnu-to~1/bin/../lib/gcc/arm-none-eabi/9.2.1/thumb/v7-m/nofp\libgcc.a
LOAD d:/progra~2/stm32c~1/gnu-to~1/bin/../lib/gcc/arm-none-eabi/9.2.1/../../../../arm-none-eabi/lib/thumb/v7-m/nofp\libg_nano.a
LOAD d:/progra~2/stm32c~1/gnu-to~1/bin/../lib/gcc/arm-none-eabi/9.2.1/../../../../arm-none-eabi/lib/thumb/v7-m/nofp\libc_nano.a
END GROUP
START GROUP
LOAD d:/progra~2/stm32c~1/gnu-to~1/bin/../lib/gcc/arm-none-eabi/9.2.1/thumb/v7-m/nofp\libgcc.a
LOAD d:/progra~2/stm32c~1/gnu-to~1/bin/../lib/gcc/arm-none-eabi/9.2.1/../../../../arm-none-eabi/lib/thumb/v7-m/nofp\libc_nano.a
LOAD d:/progra~2/stm32c~1/gnu-to~1/bin/../lib/gcc/arm-none-eabi/9.2.1/../../../../arm-none-eabi/lib/thumb/v7-m/nofp\libnosys.a
END GROUP
START GROUP
LOAD d:/progra~2/stm32c~1/gnu-to~1/bin/../lib/gcc/arm-none-eabi/9.2.1/thumb/v7-m/nofp\libgcc.a
LOAD d:/progra~2/stm32c~1/gnu-to~1/bin/../lib/gcc/arm-none-eabi/9.2.1/../../../../arm-none-eabi/lib/thumb/v7-m/nofp\libc_nano.a
LOAD d:/progra~2/stm32c~1/gnu-to~1/bin/../lib/gcc/arm-none-eabi/9.2.1/../../../../arm-none-eabi/lib/thumb/v7-m/nofp\libnosys.a
END GROUP
LOAD d:/progra~2/stm32c~1/gnu-to~1/bin/../lib/gcc/arm-none-eabi/9.2.1/thumb/v7-m/nofp/crtend.o
LOAD d:/progra~2/stm32c~1/gnu-to~1/bin/../lib/gcc/arm-none-eabi/9.2.1/thumb/v7-m/nofp/crtn.o
                0x20005000                _estack = 0x20005000
                0x00000200                _Min_Heap_Size = 0x200
                0x00000400                _Min_Stack_Size = 0x400

.isr_vector     0x08000000      0x10c
                0x08000000                . = ALIGN (0x4)
 *(.isr_vector)
 .isr_vector    0x08000000      0x10c CMakeFiles/GRBL_STM32F103.elf.dir/startup/startup_stm32f103xb.s.obj
                0x08000000                g_pfnVectors
                0x0800010c                . = ALIGN (0x4)

.text           0x08000110     0xbba8
                0x08000110                . = ALIGN (0x4)
 *(.text)
 .text          0x08000110       0x40 d:/progra~2/stm32c~1/gnu-to~1/bin/../lib/gcc/arm-none-eabi/9.2.1/thumb/v7-m/nofp/crtbegin.o
 .text          0x08000150      0x378 d:/progra~2/stm32c~1/gnu-to~1/bin/../lib/gcc/arm-none-eabi/9.2.1/thumb/v7-m/nofp\libgcc.a(_arm_addsubdf3.o)
                0x08000150                __aeabi_drsub
                0x08000158                __aeabi_dsub
                0x08000158                __subdf3
                0x0800015c                __aeabi_dadd
                0x0800015c                __adddf3
                0x080003d4                __floatunsidf
                0x080003d4                __aeabi_ui2d
                0x080003f4                __floatsidf
                0x080003f4                __aeabi_i2d
                0x08000418                __aeabi_f2d
                0x08000418                __extendsfdf2
                0x0800045c                __floatundidf
                0x0800045c                __aeabi_ul2d
                0x0800046c                __floatdidf
                0x0800046c                __aeabi_l2d
 .text          0x080004c8      0x424 d:/progra~2/stm32c~1/gnu-to~1/bin/../lib/gcc/arm-none-eabi/9.2.1/thumb/v7-m/nofp\libgcc.a(_arm_muldivdf3.o)
                0x080004c8                __aeabi_dmul
                0x080004c8                __muldf3
                0x0800071c                __divdf3
                0x0800071c                __aeabi_ddiv
 .text          0x080008ec      0x110 d:/progra~2/stm32c~1/gnu-to~1/bin/../lib/gcc/arm-none-eabi/9.2.1/thumb/v7-m/nofp\libgcc.a(_arm_cmpdf2.o)
                0x080008ec                __gtdf2
                0x080008ec                __gedf2
                0x080008f4                __ltdf2
                0x080008f4                __ledf2
                0x080008fc                __nedf2
                0x080008fc                __eqdf2
                0x080008fc                __cmpdf2
                0x08000978                __aeabi_cdrcmple
                0x08000988                __aeabi_cdcmpeq
                0x08000988                __aeabi_cdcmple
                0x08000998                __aeabi_dcmpeq
                0x080009ac                __aeabi_dcmplt
                0x080009c0                __aeabi_dcmple
                0x080009d4                __aeabi_dcmpge
                0x080009e8                __aeabi_dcmpgt
 .text          0x080009fc       0x40 d:/progra~2/stm32c~1/gnu-to~1/bin/../lib/gcc/arm-none-eabi/9.2.1/thumb/v7-m/nofp\libgcc.a(_arm_fixunsdfsi.o)
                0x080009fc                __aeabi_d2uiz
                0x080009fc                __fixunsdfsi
 .text          0x08000a3c       0xa0 d:/progra~2/stm32c~1/gnu-to~1/bin/../lib/gcc/arm-none-eabi/9.2.1/thumb/v7-m/nofp\libgcc.a(_arm_truncdfsf2.o)
                0x08000a3c                __truncdfsf2
                0x08000a3c                __aeabi_d2f
 .text          0x08000adc      0x21c d:/progra~2/stm32c~1/gnu-to~1/bin/../lib/gcc/arm-none-eabi/9.2.1/thumb/v7-m/nofp\libgcc.a(_arm_addsubsf3.o)
                0x08000adc                __aeabi_frsub
                0x08000ae4                __subsf3
                0x08000ae4                __aeabi_fsub
                0x08000ae8                __aeabi_fadd
                0x08000ae8                __addsf3
                0x08000c48                __aeabi_ui2f
                0x08000c48                __floatunsisf
                0x08000c50                __aeabi_i2f
                0x08000c50                __floatsisf
                0x08000c6c                __aeabi_ul2f
                0x08000c6c                __floatundisf
                0x08000c7c                __aeabi_l2f
                0x08000c7c                __floatdisf
 .text          0x08000cf8      0x2a0 d:/progra~2/stm32c~1/gnu-to~1/bin/../lib/gcc/arm-none-eabi/9.2.1/thumb/v7-m/nofp\libgcc.a(_arm_muldivsf3.o)
                0x08000cf8                __mulsf3
                0x08000cf8                __aeabi_fmul
                0x08000e60                __aeabi_fdiv
                0x08000e60                __divsf3
 .text          0x08000f98       0xec d:/progra~2/stm32c~1/gnu-to~1/bin/../lib/gcc/arm-none-eabi/9.2.1/thumb/v7-m/nofp\libgcc.a(_arm_cmpsf2.o)
                0x08000f98                __gesf2
                0x08000f98                __gtsf2
                0x08000fa0                __lesf2
                0x08000fa0                __ltsf2
                0x08000fa8                __nesf2
                0x08000fa8                __eqsf2
                0x08000fa8                __cmpsf2
                0x08001008                __aeabi_cfrcmple
                0x08001010                __aeabi_cfcmpeq
                0x08001010                __aeabi_cfcmple
                0x08001020                __aeabi_fcmpeq
                0x08001034                __aeabi_fcmplt
                0x08001048                __aeabi_fcmple
                0x0800105c                __aeabi_fcmpge
                0x08001070                __aeabi_fcmpgt
 .text          0x08001084       0x4c d:/progra~2/stm32c~1/gnu-to~1/bin/../lib/gcc/arm-none-eabi/9.2.1/thumb/v7-m/nofp\libgcc.a(_arm_fixsfsi.o)
                0x08001084                __aeabi_f2iz
                0x08001084                __fixsfsi
 .text          0x080010d0       0x40 d:/progra~2/stm32c~1/gnu-to~1/bin/../lib/gcc/arm-none-eabi/9.2.1/thumb/v7-m/nofp\libgcc.a(_arm_fixunssfsi.o)
                0x080010d0                __fixunssfsi
                0x080010d0                __aeabi_f2uiz
 .text          0x08001110       0x2c d:/progra~2/stm32c~1/gnu-to~1/bin/../lib/gcc/arm-none-eabi/9.2.1/thumb/v7-m/nofp\libgcc.a(_arm_unorddf2.o)
                0x08001110                __unorddf2
                0x08001110                __aeabi_dcmpun
 .text          0x0800113c       0x50 d:/progra~2/stm32c~1/gnu-to~1/bin/../lib/gcc/arm-none-eabi/9.2.1/thumb/v7-m/nofp\libgcc.a(_arm_fixdfsi.o)
                0x0800113c                __aeabi_d2iz
                0x0800113c                __fixdfsi
 .text          0x0800118c       0x2c d:/progra~2/stm32c~1/gnu-to~1/bin/../lib/gcc/arm-none-eabi/9.2.1/thumb/v7-m/nofp\libgcc.a(_arm_unordsf2.o)
                0x0800118c                __unordsf2
                0x0800118c                __aeabi_fcmpun
 *(.text*)
 .text.inoutputs_init
                0x080011b8       0x30 CMakeFiles/GRBL_STM32F103.elf.dir/App/bsp/inoutputs.c.obj
                0x080011b8                inoutputs_init
 .text.outputs_digital_action
                0x080011e8       0x9c CMakeFiles/GRBL_STM32F103.elf.dir/App/bsp/inoutputs.c.obj
                0x080011e8                outputs_digital_action
 .text.outputs_analog_init
                0x08001284        0x4 CMakeFiles/GRBL_STM32F103.elf.dir/App/bsp/inoutputs.c.obj
                0x08001284                outputs_analog_init
 .text.outputs_analog_action
                0x08001288        0x4 CMakeFiles/GRBL_STM32F103.elf.dir/App/bsp/inoutputs.c.obj
                0x08001288                outputs_analog_action
 .text.wait_on_input_action
                0x0800128c        0x4 CMakeFiles/GRBL_STM32F103.elf.dir/App/bsp/inoutputs.c.obj
                0x0800128c                wait_on_input_action
 .text.timing_init
                0x08001290       0x38 CMakeFiles/GRBL_STM32F103.elf.dir/App/bsp/stm32utilities.c.obj
                0x08001290                timing_init
 .text.uart_init
                0x080012c8       0x50 CMakeFiles/GRBL_STM32F103.elf.dir/App/bsp/stm32utilities.c.obj
                0x080012c8                uart_init
 .text.uart_sendch
                0x08001318       0x14 CMakeFiles/GRBL_STM32F103.elf.dir/App/bsp/stm32utilities.c.obj
                0x08001318                uart_sendch
 .text.Spindle_Disable
                0x0800132c       0x34 CMakeFiles/GRBL_STM32F103.elf.dir/App/bsp/stm32utilities.c.obj
                0x0800132c                Spindle_Disable
 .text.Spindle_Enable
                0x08001360       0x30 CMakeFiles/GRBL_STM32F103.elf.dir/App/bsp/stm32utilities.c.obj
                0x08001360                Spindle_Enable
 .text.GPIO_ResetBits
                0x08001390        0x8 CMakeFiles/GRBL_STM32F103.elf.dir/App/bsp/stm32utilities.c.obj
                0x08001390                GPIO_ResetBits
 .text.GPIO_SetBits
                0x08001398        0x8 CMakeFiles/GRBL_STM32F103.elf.dir/App/bsp/stm32utilities.c.obj
                0x08001398                GPIO_SetBits
 .text.coolant_init
                0x080013a0       0x20 CMakeFiles/GRBL_STM32F103.elf.dir/App/grbl/coolant_control.c.obj
                0x080013a0                coolant_init
 .text.coolant_get_state
                0x080013c0       0x18 CMakeFiles/GRBL_STM32F103.elf.dir/App/grbl/coolant_control.c.obj
                0x080013c0                coolant_get_state
 .text.coolant_stop
                0x080013d8       0x20 CMakeFiles/GRBL_STM32F103.elf.dir/App/grbl/coolant_control.c.obj
                0x080013d8                coolant_stop
 .text.coolant_set_state
                0x080013f8       0x54 CMakeFiles/GRBL_STM32F103.elf.dir/App/grbl/coolant_control.c.obj
                0x080013f8                coolant_set_state
 .text.coolant_sync
                0x0800144c       0x5c CMakeFiles/GRBL_STM32F103.elf.dir/App/grbl/coolant_control.c.obj
                0x0800144c                coolant_sync
 .text.eeprom_flush
                0x080014a8       0x84 CMakeFiles/GRBL_STM32F103.elf.dir/App/grbl/eeprom.c.obj
                0x080014a8                eeprom_flush
 .text.eeprom_init
                0x0800152c       0x3c CMakeFiles/GRBL_STM32F103.elf.dir/App/grbl/eeprom.c.obj
                0x0800152c                eeprom_init
 .text.eeprom_get_char
                0x08001568        0xc CMakeFiles/GRBL_STM32F103.elf.dir/App/grbl/eeprom.c.obj
                0x08001568                eeprom_get_char
 .text.eeprom_put_char
                0x08001574        0xc CMakeFiles/GRBL_STM32F103.elf.dir/App/grbl/eeprom.c.obj
                0x08001574                eeprom_put_char
 .text.memcpy_to_eeprom_with_checksum
                0x08001580       0x4c CMakeFiles/GRBL_STM32F103.elf.dir/App/grbl/eeprom.c.obj
                0x08001580                memcpy_to_eeprom_with_checksum
 .text.memcpy_from_eeprom_with_checksum
                0x080015cc       0x4c CMakeFiles/GRBL_STM32F103.elf.dir/App/grbl/eeprom.c.obj
                0x080015cc                memcpy_from_eeprom_with_checksum
 .text.gc_init  0x08001618       0x2c CMakeFiles/GRBL_STM32F103.elf.dir/App/grbl/gcode.c.obj
                0x08001618                gc_init
 .text.gc_sync_position
                0x08001644       0x10 CMakeFiles/GRBL_STM32F103.elf.dir/App/grbl/gcode.c.obj
                0x08001644                gc_sync_position
 *fill*         0x08001654        0x4 
 .text.gc_execute_line
                0x08001658     0x14b4 CMakeFiles/GRBL_STM32F103.elf.dir/App/grbl/gcode.c.obj
                0x08001658                gc_execute_line
 .text.jog_execute
                0x08002b0c       0x64 CMakeFiles/GRBL_STM32F103.elf.dir/App/grbl/jog.c.obj
                0x08002b0c                jog_execute
 .text.limits_init
                0x08002b70       0x28 CMakeFiles/GRBL_STM32F103.elf.dir/App/grbl/limits.c.obj
                0x08002b70                limits_init
 .text.limits_disable
                0x08002b98       0x18 CMakeFiles/GRBL_STM32F103.elf.dir/App/grbl/limits.c.obj
                0x08002b98                limits_disable
 .text.limits_get_state
                0x08002bb0       0x4c CMakeFiles/GRBL_STM32F103.elf.dir/App/grbl/limits.c.obj
                0x08002bb0                limits_get_state
 .text.HandleLimitIT
                0x08002bfc       0x68 CMakeFiles/GRBL_STM32F103.elf.dir/App/grbl/limits.c.obj
                0x08002bfc                HandleLimitIT
 .text.limits_go_home
                0x08002c64      0x3dc CMakeFiles/GRBL_STM32F103.elf.dir/App/grbl/limits.c.obj
                0x08002c64                limits_go_home
 .text.limits_soft_check
                0x08003040       0x40 CMakeFiles/GRBL_STM32F103.elf.dir/App/grbl/limits.c.obj
                0x08003040                limits_soft_check
 .text.mc_line  0x08003080       0x68 CMakeFiles/GRBL_STM32F103.elf.dir/App/grbl/motion_control.c.obj
                0x08003080                mc_line
 .text.mc_arc   0x080030e8      0x390 CMakeFiles/GRBL_STM32F103.elf.dir/App/grbl/motion_control.c.obj
                0x080030e8                mc_arc
 .text.mc_dwell
                0x08003478       0x24 CMakeFiles/GRBL_STM32F103.elf.dir/App/grbl/motion_control.c.obj
                0x08003478                mc_dwell
 .text.mc_homing_cycle
                0x0800349c       0x5c CMakeFiles/GRBL_STM32F103.elf.dir/App/grbl/motion_control.c.obj
                0x0800349c                mc_homing_cycle
 .text.mc_probe_cycle
                0x080034f8       0xd0 CMakeFiles/GRBL_STM32F103.elf.dir/App/grbl/motion_control.c.obj
                0x080034f8                mc_probe_cycle
 .text.mc_reset
                0x080035c8       0x60 CMakeFiles/GRBL_STM32F103.elf.dir/App/grbl/motion_control.c.obj
                0x080035c8                mc_reset
 .text.read_float
                0x08003628      0x134 CMakeFiles/GRBL_STM32F103.elf.dir/App/grbl/nuts_bolts.c.obj
                0x08003628                read_float
 .text.delay_sec
                0x0800375c       0x74 CMakeFiles/GRBL_STM32F103.elf.dir/App/grbl/nuts_bolts.c.obj
                0x0800375c                delay_sec
 .text.delay_ms
                0x080037d0       0x40 CMakeFiles/GRBL_STM32F103.elf.dir/App/grbl/nuts_bolts.c.obj
                0x080037d0                delay_ms
 .text.hypot_f  0x08003810       0x24 CMakeFiles/GRBL_STM32F103.elf.dir/App/grbl/nuts_bolts.c.obj
                0x08003810                hypot_f
 .text.convert_delta_vector_to_unit_vector
                0x08003834       0x9c CMakeFiles/GRBL_STM32F103.elf.dir/App/grbl/nuts_bolts.c.obj
                0x08003834                convert_delta_vector_to_unit_vector
 .text.limit_value_by_axis_maximum
                0x080038d0       0x84 CMakeFiles/GRBL_STM32F103.elf.dir/App/grbl/nuts_bolts.c.obj
                0x080038d0                limit_value_by_axis_maximum
 .text.planner_recalculate
                0x08003954      0x1e8 CMakeFiles/GRBL_STM32F103.elf.dir/App/grbl/planner.c.obj
 .text.plan_reset
                0x08003b3c       0x40 CMakeFiles/GRBL_STM32F103.elf.dir/App/grbl/planner.c.obj
                0x08003b3c                plan_reset
 .text.plan_discard_current_block
                0x08003b7c       0x38 CMakeFiles/GRBL_STM32F103.elf.dir/App/grbl/planner.c.obj
                0x08003b7c                plan_discard_current_block
 .text.plan_get_system_motion_block
                0x08003bb4       0x18 CMakeFiles/GRBL_STM32F103.elf.dir/App/grbl/planner.c.obj
                0x08003bb4                plan_get_system_motion_block
 .text.plan_get_current_block
                0x08003bcc       0x24 CMakeFiles/GRBL_STM32F103.elf.dir/App/grbl/planner.c.obj
                0x08003bcc                plan_get_current_block
 .text.plan_get_exec_block_exit_speed_sqr
                0x08003bf0       0x34 CMakeFiles/GRBL_STM32F103.elf.dir/App/grbl/planner.c.obj
                0x08003bf0                plan_get_exec_block_exit_speed_sqr
 .text.plan_check_full_buffer
                0x08003c24       0x1c CMakeFiles/GRBL_STM32F103.elf.dir/App/grbl/planner.c.obj
                0x08003c24                plan_check_full_buffer
 .text.plan_compute_profile_nominal_speed
                0x08003c40       0xa4 CMakeFiles/GRBL_STM32F103.elf.dir/App/grbl/planner.c.obj
                0x08003c40                plan_compute_profile_nominal_speed
 *fill*         0x08003ce4        0x4 
 .text.plan_update_velocity_profile_parameters
                0x08003ce8      0x158 CMakeFiles/GRBL_STM32F103.elf.dir/App/grbl/planner.c.obj
                0x08003ce8                plan_update_velocity_profile_parameters
 .text.plan_buffer_line
                0x08003e40      0x428 CMakeFiles/GRBL_STM32F103.elf.dir/App/grbl/planner.c.obj
                0x08003e40                plan_buffer_line
 .text.plan_sync_position
                0x08004268       0x1c CMakeFiles/GRBL_STM32F103.elf.dir/App/grbl/planner.c.obj
                0x08004268                plan_sync_position
 .text.plan_get_block_buffer_available
                0x08004284       0x24 CMakeFiles/GRBL_STM32F103.elf.dir/App/grbl/planner.c.obj
                0x08004284                plan_get_block_buffer_available
 .text.plan_cycle_reinitialize
                0x080042a8       0x20 CMakeFiles/GRBL_STM32F103.elf.dir/App/grbl/planner.c.obj
                0x080042a8                plan_cycle_reinitialize
 .text.printString
                0x080042c8       0x18 CMakeFiles/GRBL_STM32F103.elf.dir/App/grbl/print.c.obj
                0x080042c8                printString
 .text.print_uint8_base10
                0x080042e0       0x7c CMakeFiles/GRBL_STM32F103.elf.dir/App/grbl/print.c.obj
                0x080042e0                print_uint8_base10
 .text.printFloat
                0x0800435c      0x1ec CMakeFiles/GRBL_STM32F103.elf.dir/App/grbl/print.c.obj
                0x0800435c                printFloat
 .text.printFloat_CoordValue
                0x08004548      0x238 CMakeFiles/GRBL_STM32F103.elf.dir/App/grbl/print.c.obj
                0x08004548                printFloat_CoordValue
 .text.printFloat_RateValue
                0x08004780      0x14c CMakeFiles/GRBL_STM32F103.elf.dir/App/grbl/print.c.obj
                0x08004780                printFloat_RateValue
 .text.probe_init
                0x080048cc       0x20 CMakeFiles/GRBL_STM32F103.elf.dir/App/grbl/probe.c.obj
                0x080048cc                probe_init
 .text.probe_configure_invert_mask
                0x080048ec       0x28 CMakeFiles/GRBL_STM32F103.elf.dir/App/grbl/probe.c.obj
                0x080048ec                probe_configure_invert_mask
 .text.probe_get_state
                0x08004914       0x20 CMakeFiles/GRBL_STM32F103.elf.dir/App/grbl/probe.c.obj
                0x08004914                probe_get_state
 .text.probe_state_monitor
                0x08004934       0x4c CMakeFiles/GRBL_STM32F103.elf.dir/App/grbl/probe.c.obj
                0x08004934                probe_state_monitor
 .text.protocol_auto_cycle_start
                0x08004980       0x14 CMakeFiles/GRBL_STM32F103.elf.dir/App/grbl/protocol.c.obj
                0x08004980                protocol_auto_cycle_start
 .text.protocol_exec_rt_system
                0x08004994      0x3c8 CMakeFiles/GRBL_STM32F103.elf.dir/App/grbl/protocol.c.obj
                0x08004994                protocol_exec_rt_system
 .text.protocol_exec_rt_suspend
                0x08004d5c      0x258 CMakeFiles/GRBL_STM32F103.elf.dir/App/grbl/protocol.c.obj
 .text.protocol_execute_realtime
                0x08004fb4       0x1c CMakeFiles/GRBL_STM32F103.elf.dir/App/grbl/protocol.c.obj
                0x08004fb4                protocol_execute_realtime
 .text.protocol_main_loop
                0x08004fd0      0x160 CMakeFiles/GRBL_STM32F103.elf.dir/App/grbl/protocol.c.obj
                0x08004fd0                protocol_main_loop
 .text.protocol_buffer_synchronize
                0x08005130       0x38 CMakeFiles/GRBL_STM32F103.elf.dir/App/grbl/protocol.c.obj
                0x08005130                protocol_buffer_synchronize
 .text.report_status_message
                0x08005168       0x30 CMakeFiles/GRBL_STM32F103.elf.dir/App/grbl/report.c.obj
                0x08005168                report_status_message
 .text.report_alarm_message
                0x08005198       0x2c CMakeFiles/GRBL_STM32F103.elf.dir/App/grbl/report.c.obj
                0x08005198                report_alarm_message
 .text.report_feedback_message
                0x080051c4       0xbc CMakeFiles/GRBL_STM32F103.elf.dir/App/grbl/report.c.obj
                0x080051c4                report_feedback_message
 .text.report_init_message
                0x08005280        0xc CMakeFiles/GRBL_STM32F103.elf.dir/App/grbl/report.c.obj
                0x08005280                report_init_message
 .text.report_grbl_help
                0x0800528c        0xc CMakeFiles/GRBL_STM32F103.elf.dir/App/grbl/report.c.obj
                0x0800528c                report_grbl_help
 .text.report_grbl_settings
                0x08005298      0x43c CMakeFiles/GRBL_STM32F103.elf.dir/App/grbl/report.c.obj
                0x08005298                report_grbl_settings
 .text.report_probe_parameters
                0x080056d4       0x60 CMakeFiles/GRBL_STM32F103.elf.dir/App/grbl/report.c.obj
                0x080056d4                report_probe_parameters
 .text.report_ngc_parameters
                0x08005734      0x194 CMakeFiles/GRBL_STM32F103.elf.dir/App/grbl/report.c.obj
                0x08005734                report_ngc_parameters
 .text.report_gcode_modes
                0x080058c8      0x170 CMakeFiles/GRBL_STM32F103.elf.dir/App/grbl/report.c.obj
                0x080058c8                report_gcode_modes
 .text.report_startup_line
                0x08005a38       0x30 CMakeFiles/GRBL_STM32F103.elf.dir/App/grbl/report.c.obj
                0x08005a38                report_startup_line
 .text.report_execute_startup_message
                0x08005a68       0x48 CMakeFiles/GRBL_STM32F103.elf.dir/App/grbl/report.c.obj
                0x08005a68                report_execute_startup_message
 .text.report_build_info
                0x08005ab0       0x6c CMakeFiles/GRBL_STM32F103.elf.dir/App/grbl/report.c.obj
                0x08005ab0                report_build_info
 .text.report_realtime_status
                0x08005b1c      0x3cc CMakeFiles/GRBL_STM32F103.elf.dir/App/grbl/report.c.obj
                0x08005b1c                report_realtime_status
 .text.serial_get_rx_buffer_available
                0x08005ee8       0x24 CMakeFiles/GRBL_STM32F103.elf.dir/App/grbl/serial.c.obj
                0x08005ee8                serial_get_rx_buffer_available
 .text.serial_init
                0x08005f0c        0x4 CMakeFiles/GRBL_STM32F103.elf.dir/App/grbl/serial.c.obj
                0x08005f0c                serial_init
 .text.serial_write
                0x08005f10        0x4 CMakeFiles/GRBL_STM32F103.elf.dir/App/grbl/serial.c.obj
                0x08005f10                serial_write
 .text.serial_read
                0x08005f14       0x30 CMakeFiles/GRBL_STM32F103.elf.dir/App/grbl/serial.c.obj
                0x08005f14                serial_read
 .text.serial_reset_read_buffer
                0x08005f44       0x14 CMakeFiles/GRBL_STM32F103.elf.dir/App/grbl/serial.c.obj
                0x08005f44                serial_reset_read_buffer
 .text.settings_store_startup_line
                0x08005f58       0x24 CMakeFiles/GRBL_STM32F103.elf.dir/App/grbl/settings.c.obj
                0x08005f58                settings_store_startup_line
 .text.settings_store_build_info
                0x08005f7c        0xc CMakeFiles/GRBL_STM32F103.elf.dir/App/grbl/settings.c.obj
                0x08005f7c                settings_store_build_info
 .text.settings_write_coord_data
                0x08005f88       0x24 CMakeFiles/GRBL_STM32F103.elf.dir/App/grbl/settings.c.obj
                0x08005f88                settings_write_coord_data
 .text.settings_restore
                0x08005fac      0x128 CMakeFiles/GRBL_STM32F103.elf.dir/App/grbl/settings.c.obj
                0x08005fac                settings_restore
 .text.settings_read_startup_line
                0x080060d4       0x38 CMakeFiles/GRBL_STM32F103.elf.dir/App/grbl/settings.c.obj
                0x080060d4                settings_read_startup_line
 .text.settings_read_build_info
                0x0800610c       0x28 CMakeFiles/GRBL_STM32F103.elf.dir/App/grbl/settings.c.obj
                0x0800610c                settings_read_build_info
 .text.settings_read_coord_data
                0x08006134       0x3c CMakeFiles/GRBL_STM32F103.elf.dir/App/grbl/settings.c.obj
                0x08006134                settings_read_coord_data
 .text.settings_store_global_setting
                0x08006170      0x32c CMakeFiles/GRBL_STM32F103.elf.dir/App/grbl/settings.c.obj
                0x08006170                settings_store_global_setting
 .text.acceleration_scaling
                0x0800649c       0x80 CMakeFiles/GRBL_STM32F103.elf.dir/App/grbl/settings.c.obj
                0x0800649c                acceleration_scaling
 .text.settings_init
                0x0800651c       0x50 CMakeFiles/GRBL_STM32F103.elf.dir/App/grbl/settings.c.obj
                0x0800651c                settings_init
 .text.spindle_init
                0x0800656c       0x4c CMakeFiles/GRBL_STM32F103.elf.dir/App/grbl/spindle_control.c.obj
                0x0800656c                spindle_init
 .text.spindle_get_state
                0x080065b8        0xc CMakeFiles/GRBL_STM32F103.elf.dir/App/grbl/spindle_control.c.obj
                0x080065b8                spindle_get_state
 .text.spindle_stop
                0x080065c4        0x4 CMakeFiles/GRBL_STM32F103.elf.dir/App/grbl/spindle_control.c.obj
                0x080065c4                spindle_stop
 .text.spindle_set_speed
                0x080065c8       0x14 CMakeFiles/GRBL_STM32F103.elf.dir/App/grbl/spindle_control.c.obj
                0x080065c8                spindle_set_speed
 *fill*         0x080065dc        0x4 
 .text.spindle_compute_pwm_value
                0x080065e0       0xbc CMakeFiles/GRBL_STM32F103.elf.dir/App/grbl/spindle_control.c.obj
                0x080065e0                spindle_compute_pwm_value
 *fill*         0x0800669c        0x4 
 .text.spindle_set_state
                0x080066a0      0x12c CMakeFiles/GRBL_STM32F103.elf.dir/App/grbl/spindle_control.c.obj
                0x080066a0                spindle_set_state
 *fill*         0x080067cc        0x4 
 .text.spindle_sync
                0x080067d0      0x13c CMakeFiles/GRBL_STM32F103.elf.dir/App/grbl/spindle_control.c.obj
                0x080067d0                spindle_sync
 .text.st_wake_up
                0x0800690c       0x88 CMakeFiles/GRBL_STM32F103.elf.dir/App/grbl/stepper.c.obj
                0x0800690c                st_wake_up
 .text.st_go_idle
                0x08006994       0x84 CMakeFiles/GRBL_STM32F103.elf.dir/App/grbl/stepper.c.obj
                0x08006994                st_go_idle
 .text.HandleStepSetIT
                0x08006a18      0x204 CMakeFiles/GRBL_STM32F103.elf.dir/App/grbl/stepper.c.obj
                0x08006a18                HandleStepSetIT
 .text.HandleStepResetIT
                0x08006c1c       0x20 CMakeFiles/GRBL_STM32F103.elf.dir/App/grbl/stepper.c.obj
                0x08006c1c                HandleStepResetIT
 .text.st_generate_step_dir_invert_masks
                0x08006c3c       0xa8 CMakeFiles/GRBL_STM32F103.elf.dir/App/grbl/stepper.c.obj
                0x08006c3c                st_generate_step_dir_invert_masks
 .text.st_reset
                0x08006ce4      0x120 CMakeFiles/GRBL_STM32F103.elf.dir/App/grbl/stepper.c.obj
                0x08006ce4                st_reset
 .text.stepper_init
                0x08006e04       0x58 CMakeFiles/GRBL_STM32F103.elf.dir/App/grbl/stepper.c.obj
                0x08006e04                stepper_init
 .text.st_update_plan_block_parameters
                0x08006e5c       0x2c CMakeFiles/GRBL_STM32F103.elf.dir/App/grbl/stepper.c.obj
                0x08006e5c                st_update_plan_block_parameters
 .text.st_prep_buffer
                0x08006e88      0x9ac CMakeFiles/GRBL_STM32F103.elf.dir/App/grbl/stepper.c.obj
                0x08006e88                st_prep_buffer
 .text.st_get_realtime_rate
                0x08007834       0x1c CMakeFiles/GRBL_STM32F103.elf.dir/App/grbl/stepper.c.obj
                0x08007834                st_get_realtime_rate
 .text.system_init
                0x08007850        0x4 CMakeFiles/GRBL_STM32F103.elf.dir/App/grbl/system.c.obj
                0x08007850                system_init
 .text.system_control_get_state
                0x08007854       0x30 CMakeFiles/GRBL_STM32F103.elf.dir/App/grbl/system.c.obj
                0x08007854                system_control_get_state
 .text.HandleControlIT
                0x08007884       0x98 CMakeFiles/GRBL_STM32F103.elf.dir/App/grbl/system.c.obj
                0x08007884                HandleControlIT
 .text.system_check_safety_door_ajar
                0x0800791c       0x2c CMakeFiles/GRBL_STM32F103.elf.dir/App/grbl/system.c.obj
                0x0800791c                system_check_safety_door_ajar
 .text.system_execute_startup
                0x08007948       0x44 CMakeFiles/GRBL_STM32F103.elf.dir/App/grbl/system.c.obj
                0x08007948                system_execute_startup
 .text.system_execute_line
                0x0800798c      0x3f4 CMakeFiles/GRBL_STM32F103.elf.dir/App/grbl/system.c.obj
                0x0800798c                system_execute_line
 .text.system_flag_wco_change
                0x08007d80       0x14 CMakeFiles/GRBL_STM32F103.elf.dir/App/grbl/system.c.obj
                0x08007d80                system_flag_wco_change
 .text.system_convert_array_steps_to_mpos
                0x08007d94       0x3c CMakeFiles/GRBL_STM32F103.elf.dir/App/grbl/system.c.obj
                0x08007d94                system_convert_array_steps_to_mpos
 .text.system_check_travel_limits
                0x08007dd0       0x58 CMakeFiles/GRBL_STM32F103.elf.dir/App/grbl/system.c.obj
                0x08007dd0                system_check_travel_limits
 .text.system_set_exec_state_flag
                0x08007e28       0x14 CMakeFiles/GRBL_STM32F103.elf.dir/App/grbl/system.c.obj
                0x08007e28                system_set_exec_state_flag
 .text.system_clear_exec_state_flag
                0x08007e3c       0x14 CMakeFiles/GRBL_STM32F103.elf.dir/App/grbl/system.c.obj
                0x08007e3c                system_clear_exec_state_flag
 .text.system_set_exec_alarm
                0x08007e50       0x14 CMakeFiles/GRBL_STM32F103.elf.dir/App/grbl/system.c.obj
                0x08007e50                system_set_exec_alarm
 .text.system_clear_exec_alarm
                0x08007e64       0x10 CMakeFiles/GRBL_STM32F103.elf.dir/App/grbl/system.c.obj
                0x08007e64                system_clear_exec_alarm
 .text.system_set_exec_accessory_override_flag
                0x08007e74       0x14 CMakeFiles/GRBL_STM32F103.elf.dir/App/grbl/system.c.obj
                0x08007e74                system_set_exec_accessory_override_flag
 .text.system_clear_exec_motion_overrides
                0x08007e88       0x10 CMakeFiles/GRBL_STM32F103.elf.dir/App/grbl/system.c.obj
                0x08007e88                system_clear_exec_motion_overrides
 .text.system_clear_exec_accessory_overrides
                0x08007e98       0x10 CMakeFiles/GRBL_STM32F103.elf.dir/App/grbl/system.c.obj
                0x08007e98                system_clear_exec_accessory_overrides
 .text.HAL_InitTick
                0x08007ea8       0x48 CMakeFiles/GRBL_STM32F103.elf.dir/Drivers/STM32F1xx_HAL_Driver/Src/stm32f1xx_hal.c.obj
                0x08007ea8                HAL_InitTick
 .text.HAL_Init
                0x08007ef0       0x24 CMakeFiles/GRBL_STM32F103.elf.dir/Drivers/STM32F1xx_HAL_Driver/Src/stm32f1xx_hal.c.obj
                0x08007ef0                HAL_Init
 .text.HAL_IncTick
                0x08007f14       0x18 CMakeFiles/GRBL_STM32F103.elf.dir/Drivers/STM32F1xx_HAL_Driver/Src/stm32f1xx_hal.c.obj
                0x08007f14                HAL_IncTick
 .text.HAL_GetTick
                0x08007f2c        0xc CMakeFiles/GRBL_STM32F103.elf.dir/Drivers/STM32F1xx_HAL_Driver/Src/stm32f1xx_hal.c.obj
                0x08007f2c                HAL_GetTick
 .text.HAL_Delay
                0x08007f38       0x24 CMakeFiles/GRBL_STM32F103.elf.dir/Drivers/STM32F1xx_HAL_Driver/Src/stm32f1xx_hal.c.obj
                0x08007f38                HAL_Delay
 .text.HAL_NVIC_SetPriorityGrouping
                0x08007f5c       0x24 CMakeFiles/GRBL_STM32F103.elf.dir/Drivers/STM32F1xx_HAL_Driver/Src/stm32f1xx_hal_cortex.c.obj
                0x08007f5c                HAL_NVIC_SetPriorityGrouping
 .text.HAL_NVIC_SetPriority
                0x08007f80       0x70 CMakeFiles/GRBL_STM32F103.elf.dir/Drivers/STM32F1xx_HAL_Driver/Src/stm32f1xx_hal_cortex.c.obj
                0x08007f80                HAL_NVIC_SetPriority
 .text.HAL_NVIC_EnableIRQ
                0x08007ff0       0x1c CMakeFiles/GRBL_STM32F103.elf.dir/Drivers/STM32F1xx_HAL_Driver/Src/stm32f1xx_hal_cortex.c.obj
                0x08007ff0                HAL_NVIC_EnableIRQ
 .text.HAL_SYSTICK_Config
                0x0800800c       0x30 CMakeFiles/GRBL_STM32F103.elf.dir/Drivers/STM32F1xx_HAL_Driver/Src/stm32f1xx_hal_cortex.c.obj
                0x0800800c                HAL_SYSTICK_Config
 .text.HAL_NVIC_ClearPendingIRQ
                0x0800803c       0x1c CMakeFiles/GRBL_STM32F103.elf.dir/Drivers/STM32F1xx_HAL_Driver/Src/stm32f1xx_hal_cortex.c.obj
                0x0800803c                HAL_NVIC_ClearPendingIRQ
 .text.HAL_FLASH_Program
                0x08008058      0x1bc CMakeFiles/GRBL_STM32F103.elf.dir/Drivers/STM32F1xx_HAL_Driver/Src/stm32f1xx_hal_flash.c.obj
                0x08008058                HAL_FLASH_Program
 .text.HAL_FLASH_Unlock
                0x08008214       0x28 CMakeFiles/GRBL_STM32F103.elf.dir/Drivers/STM32F1xx_HAL_Driver/Src/stm32f1xx_hal_flash.c.obj
                0x08008214                HAL_FLASH_Unlock
 .text.HAL_FLASH_Lock
                0x0800823c       0x14 CMakeFiles/GRBL_STM32F103.elf.dir/Drivers/STM32F1xx_HAL_Driver/Src/stm32f1xx_hal_flash.c.obj
                0x0800823c                HAL_FLASH_Lock
 .text.FLASH_WaitForLastOperation
                0x08008250       0xac CMakeFiles/GRBL_STM32F103.elf.dir/Drivers/STM32F1xx_HAL_Driver/Src/stm32f1xx_hal_flash.c.obj
                0x08008250                FLASH_WaitForLastOperation
 .text.FLASH_PageErase
                0x080082fc       0x24 CMakeFiles/GRBL_STM32F103.elf.dir/Drivers/STM32F1xx_HAL_Driver/Src/stm32f1xx_hal_flash_ex.c.obj
                0x080082fc                FLASH_PageErase
 .text.HAL_GPIO_Init
                0x08008320      0x218 CMakeFiles/GRBL_STM32F103.elf.dir/Drivers/STM32F1xx_HAL_Driver/Src/stm32f1xx_hal_gpio.c.obj
                0x08008320                HAL_GPIO_Init
 .text.HAL_GPIO_WritePin
                0x08008538        0x8 CMakeFiles/GRBL_STM32F103.elf.dir/Drivers/STM32F1xx_HAL_Driver/Src/stm32f1xx_hal_gpio.c.obj
                0x08008538                HAL_GPIO_WritePin
 .text.HAL_GPIO_EXTI_Callback
                0x08008540        0x4 CMakeFiles/GRBL_STM32F103.elf.dir/Drivers/STM32F1xx_HAL_Driver/Src/stm32f1xx_hal_gpio.c.obj
                0x08008540                HAL_GPIO_EXTI_Callback
 .text.HAL_GPIO_EXTI_IRQHandler
                0x08008544       0x18 CMakeFiles/GRBL_STM32F103.elf.dir/Drivers/STM32F1xx_HAL_Driver/Src/stm32f1xx_hal_gpio.c.obj
                0x08008544                HAL_GPIO_EXTI_IRQHandler
 .text.HAL_RCC_OscConfig
                0x0800855c      0x400 CMakeFiles/GRBL_STM32F103.elf.dir/Drivers/STM32F1xx_HAL_Driver/Src/stm32f1xx_hal_rcc.c.obj
                0x0800855c                HAL_RCC_OscConfig
 .text.HAL_RCC_ClockConfig
                0x0800895c      0x19c CMakeFiles/GRBL_STM32F103.elf.dir/Drivers/STM32F1xx_HAL_Driver/Src/stm32f1xx_hal_rcc.c.obj
                0x0800895c                HAL_RCC_ClockConfig
 .text.HAL_TIM_Encoder_Init
                0x08008af8      0x110 CMakeFiles/GRBL_STM32F103.elf.dir/Drivers/STM32F1xx_HAL_Driver/Src/stm32f1xx_hal_tim.c.obj
                0x08008af8                HAL_TIM_Encoder_Init
 .text.HAL_TIM_Encoder_Start
                0x08008c08       0x4c CMakeFiles/GRBL_STM32F103.elf.dir/Drivers/STM32F1xx_HAL_Driver/Src/stm32f1xx_hal_tim.c.obj
                0x08008c08                HAL_TIM_Encoder_Start
 .text.HAL_TIMEx_MasterConfigSynchronization
                0x08008c54       0x44 CMakeFiles/GRBL_STM32F103.elf.dir/Drivers/STM32F1xx_HAL_Driver/Src/stm32f1xx_hal_tim_ex.c.obj
                0x08008c54                HAL_TIMEx_MasterConfigSynchronization
 .text.LL_GPIO_Init
                0x08008c98      0x10c CMakeFiles/GRBL_STM32F103.elf.dir/Drivers/STM32F1xx_HAL_Driver/Src/stm32f1xx_ll_gpio.c.obj
                0x08008c98                LL_GPIO_Init
 .text.LL_RCC_GetSystemClocksFreq
                0x08008da4       0x80 CMakeFiles/GRBL_STM32F103.elf.dir/Drivers/STM32F1xx_HAL_Driver/Src/stm32f1xx_ll_rcc.c.obj
                0x08008da4                LL_RCC_GetSystemClocksFreq
 .text.LL_TIM_Init
                0x08008e24       0x84 CMakeFiles/GRBL_STM32F103.elf.dir/Drivers/STM32F1xx_HAL_Driver/Src/stm32f1xx_ll_tim.c.obj
                0x08008e24                LL_TIM_Init
 .text.LL_TIM_OC_Init
                0x08008ea8      0x1b4 CMakeFiles/GRBL_STM32F103.elf.dir/Drivers/STM32F1xx_HAL_Driver/Src/stm32f1xx_ll_tim.c.obj
                0x08008ea8                LL_TIM_OC_Init
 .text.LL_TIM_BDTR_Init
                0x0800905c       0x38 CMakeFiles/GRBL_STM32F103.elf.dir/Drivers/STM32F1xx_HAL_Driver/Src/stm32f1xx_ll_tim.c.obj
                0x0800905c                LL_TIM_BDTR_Init
 .text.LL_USART_Init
                0x08009094       0xb4 CMakeFiles/GRBL_STM32F103.elf.dir/Drivers/STM32F1xx_HAL_Driver/Src/stm32f1xx_ll_usart.c.obj
                0x08009094                LL_USART_Init
 .text.MX_GPIO_Init
                0x08009148      0x14c CMakeFiles/GRBL_STM32F103.elf.dir/Src/gpio.c.obj
                0x08009148                MX_GPIO_Init
 .text.SystemClock_Config
                0x08009294       0x5c CMakeFiles/GRBL_STM32F103.elf.dir/Src/main.c.obj
                0x08009294                SystemClock_Config
 .text.startup.main
                0x080092f0      0x14c CMakeFiles/GRBL_STM32F103.elf.dir/Src/main.c.obj
                0x080092f0                main
 .text.Error_Handler
                0x0800943c        0x4 CMakeFiles/GRBL_STM32F103.elf.dir/Src/main.c.obj
                0x0800943c                Error_Handler
 .text.HAL_MspInit
                0x08009440       0x44 CMakeFiles/GRBL_STM32F103.elf.dir/Src/stm32f1xx_hal_msp.c.obj
                0x08009440                HAL_MspInit
 .text.NMI_Handler
                0x08009484        0x4 CMakeFiles/GRBL_STM32F103.elf.dir/Src/stm32f1xx_it.c.obj
                0x08009484                NMI_Handler
 .text.HardFault_Handler
                0x08009488        0x4 CMakeFiles/GRBL_STM32F103.elf.dir/Src/stm32f1xx_it.c.obj
                0x08009488                HardFault_Handler
 .text.MemManage_Handler
                0x0800948c        0x4 CMakeFiles/GRBL_STM32F103.elf.dir/Src/stm32f1xx_it.c.obj
                0x0800948c                MemManage_Handler
 .text.BusFault_Handler
                0x08009490        0x4 CMakeFiles/GRBL_STM32F103.elf.dir/Src/stm32f1xx_it.c.obj
                0x08009490                BusFault_Handler
 .text.UsageFault_Handler
                0x08009494        0x4 CMakeFiles/GRBL_STM32F103.elf.dir/Src/stm32f1xx_it.c.obj
                0x08009494                UsageFault_Handler
 .text.SVC_Handler
                0x08009498        0x4 CMakeFiles/GRBL_STM32F103.elf.dir/Src/stm32f1xx_it.c.obj
                0x08009498                SVC_Handler
 .text.DebugMon_Handler
                0x0800949c        0x4 CMakeFiles/GRBL_STM32F103.elf.dir/Src/stm32f1xx_it.c.obj
                0x0800949c                DebugMon_Handler
 .text.PendSV_Handler
                0x080094a0        0x4 CMakeFiles/GRBL_STM32F103.elf.dir/Src/stm32f1xx_it.c.obj
                0x080094a0                PendSV_Handler
 .text.SysTick_Handler
                0x080094a4        0x4 CMakeFiles/GRBL_STM32F103.elf.dir/Src/stm32f1xx_it.c.obj
                0x080094a4                SysTick_Handler
 .text.EXTI0_IRQHandler
                0x080094a8       0x1c CMakeFiles/GRBL_STM32F103.elf.dir/Src/stm32f1xx_it.c.obj
                0x080094a8                EXTI0_IRQHandler
 .text.EXTI1_IRQHandler
                0x080094c4       0x1c CMakeFiles/GRBL_STM32F103.elf.dir/Src/stm32f1xx_it.c.obj
                0x080094c4                EXTI1_IRQHandler
 .text.EXTI3_IRQHandler
                0x080094e0       0x20 CMakeFiles/GRBL_STM32F103.elf.dir/Src/stm32f1xx_it.c.obj
                0x080094e0                EXTI3_IRQHandler
 .text.EXTI4_IRQHandler
                0x08009500       0x20 CMakeFiles/GRBL_STM32F103.elf.dir/Src/stm32f1xx_it.c.obj
                0x08009500                EXTI4_IRQHandler
 .text.TIM2_IRQHandler
                0x08009520       0x1c CMakeFiles/GRBL_STM32F103.elf.dir/Src/stm32f1xx_it.c.obj
                0x08009520                TIM2_IRQHandler
 .text.TIM3_IRQHandler
                0x0800953c       0x38 CMakeFiles/GRBL_STM32F103.elf.dir/Src/stm32f1xx_it.c.obj
                0x0800953c                TIM3_IRQHandler
 .text.USART1_IRQHandler
                0x08009574        0x4 CMakeFiles/GRBL_STM32F103.elf.dir/Src/stm32f1xx_it.c.obj
                0x08009574                USART1_IRQHandler
 .text.EXTI15_10_IRQHandler
                0x08009578       0x30 CMakeFiles/GRBL_STM32F103.elf.dir/Src/stm32f1xx_it.c.obj
                0x08009578                EXTI15_10_IRQHandler
 .text._sbrk    0x080095a8       0x3c CMakeFiles/GRBL_STM32F103.elf.dir/Src/syscalls.c.obj
                0x080095a8                _sbrk
 .text.SystemInit
                0x080095e4       0x50 CMakeFiles/GRBL_STM32F103.elf.dir/Src/system_stm32f1xx.c.obj
                0x080095e4                SystemInit
 .text.MX_TIM1_Init
                0x08009634      0x118 CMakeFiles/GRBL_STM32F103.elf.dir/Src/tim.c.obj
                0x08009634                MX_TIM1_Init
 .text.MX_TIM2_Init
                0x0800974c       0x80 CMakeFiles/GRBL_STM32F103.elf.dir/Src/tim.c.obj
                0x0800974c                MX_TIM2_Init
 .text.MX_TIM3_Init
                0x080097cc       0x80 CMakeFiles/GRBL_STM32F103.elf.dir/Src/tim.c.obj
                0x080097cc                MX_TIM3_Init
 .text.MX_TIM4_Init
                0x0800984c       0x7c CMakeFiles/GRBL_STM32F103.elf.dir/Src/tim.c.obj
                0x0800984c                MX_TIM4_Init
 .text.HAL_TIM_Encoder_MspInit
                0x080098c8       0x60 CMakeFiles/GRBL_STM32F103.elf.dir/Src/tim.c.obj
                0x080098c8                HAL_TIM_Encoder_MspInit
 .text.MX_USART1_UART_Init
                0x08009928       0xdc CMakeFiles/GRBL_STM32F103.elf.dir/Src/usart.c.obj
                0x08009928                MX_USART1_UART_Init
 .text.Reset_Handler
                0x08009a04       0x48 CMakeFiles/GRBL_STM32F103.elf.dir/startup/startup_stm32f103xb.s.obj
                0x08009a04                Reset_Handler
 .text.Default_Handler
                0x08009a4c        0x2 CMakeFiles/GRBL_STM32F103.elf.dir/startup/startup_stm32f103xb.s.obj
                0x08009a4c                RTC_Alarm_IRQHandler
                0x08009a4c                EXTI2_IRQHandler
                0x08009a4c                TIM1_CC_IRQHandler
                0x08009a4c                PVD_IRQHandler
                0x08009a4c                I2C2_EV_IRQHandler
                0x08009a4c                ADC1_2_IRQHandler
                0x08009a4c                SPI1_IRQHandler
                0x08009a4c                TAMPER_IRQHandler
                0x08009a4c                DMA1_Channel4_IRQHandler
                0x08009a4c                USART3_IRQHandler
                0x08009a4c                RTC_IRQHandler
                0x08009a4c                DMA1_Channel7_IRQHandler
                0x08009a4c                CAN1_RX1_IRQHandler
                0x08009a4c                TIM4_IRQHandler
                0x08009a4c                I2C1_EV_IRQHandler
                0x08009a4c                DMA1_Channel6_IRQHandler
                0x08009a4c                RCC_IRQHandler
                0x08009a4c                TIM1_TRG_COM_IRQHandler
                0x08009a4c                DMA1_Channel1_IRQHandler
                0x08009a4c                Default_Handler
                0x08009a4c                EXTI9_5_IRQHandler
                0x08009a4c                SPI2_IRQHandler
                0x08009a4c                DMA1_Channel5_IRQHandler
                0x08009a4c                USB_LP_CAN1_RX0_IRQHandler
                0x08009a4c                USB_HP_CAN1_TX_IRQHandler
                0x08009a4c                DMA1_Channel3_IRQHandler
                0x08009a4c                TIM1_UP_IRQHandler
                0x08009a4c                WWDG_IRQHandler
                0x08009a4c                TIM1_BRK_IRQHandler
                0x08009a4c                USART2_IRQHandler
                0x08009a4c                I2C2_ER_IRQHandler
                0x08009a4c                DMA1_Channel2_IRQHandler
                0x08009a4c                CAN1_SCE_IRQHandler
                0x08009a4c                FLASH_IRQHandler
                0x08009a4c                I2C1_ER_IRQHandler
                0x08009a4c                USBWakeUp_IRQHandler
 *fill*         0x08009a4e        0x2 
 .text.__errno  0x08009a50        0xc d:/progra~2/stm32c~1/gnu-to~1/bin/../lib/gcc/arm-none-eabi/9.2.1/../../../../arm-none-eabi/lib/thumb/v7-m/nofp\libg_nano.a(lib_a-errno.o)
                0x08009a50                __errno
 .text.__libc_init_array
                0x08009a5c       0x48 d:/progra~2/stm32c~1/gnu-to~1/bin/../lib/gcc/arm-none-eabi/9.2.1/../../../../arm-none-eabi/lib/thumb/v7-m/nofp\libg_nano.a(lib_a-init.o)
                0x08009a5c                __libc_init_array
 .text.memcmp   0x08009aa4       0x1c d:/progra~2/stm32c~1/gnu-to~1/bin/../lib/gcc/arm-none-eabi/9.2.1/../../../../arm-none-eabi/lib/thumb/v7-m/nofp\libg_nano.a(lib_a-memcmp.o)
                0x08009aa4                memcmp
 .text.memset   0x08009ac0       0x10 d:/progra~2/stm32c~1/gnu-to~1/bin/../lib/gcc/arm-none-eabi/9.2.1/../../../../arm-none-eabi/lib/thumb/v7-m/nofp\libg_nano.a(lib_a-memset.o)
                0x08009ac0                memset
 .text.sprintf  0x08009ad0       0x40 d:/progra~2/stm32c~1/gnu-to~1/bin/../lib/gcc/arm-none-eabi/9.2.1/../../../../arm-none-eabi/lib/thumb/v7-m/nofp\libg_nano.a(lib_a-sprintf.o)
                0x08009ad0                siprintf
                0x08009ad0                sprintf
 .text.__ssputs_r
                0x08009b10       0xb6 d:/progra~2/stm32c~1/gnu-to~1/bin/../lib/gcc/arm-none-eabi/9.2.1/../../../../arm-none-eabi/lib/thumb/v7-m/nofp\libg_nano.a(lib_a-nano-svfprintf.o)
                0x08009b10                __ssputs_r
 *fill*         0x08009bc6        0x2 
 .text._svfprintf_r
                0x08009bc8      0x200 d:/progra~2/stm32c~1/gnu-to~1/bin/../lib/gcc/arm-none-eabi/9.2.1/../../../../arm-none-eabi/lib/thumb/v7-m/nofp\libg_nano.a(lib_a-nano-svfprintf.o)
                0x08009bc8                _svfiprintf_r
                0x08009bc8                _svfprintf_r
 .text._printf_common
                0x08009dc8       0xde d:/progra~2/stm32c~1/gnu-to~1/bin/../lib/gcc/arm-none-eabi/9.2.1/../../../../arm-none-eabi/lib/thumb/v7-m/nofp\libg_nano.a(lib_a-nano-vfprintf_i.o)
                0x08009dc8                _printf_common
 *fill*         0x08009ea6        0x2 
 .text._printf_i
                0x08009ea8      0x24c d:/progra~2/stm32c~1/gnu-to~1/bin/../lib/gcc/arm-none-eabi/9.2.1/../../../../arm-none-eabi/lib/thumb/v7-m/nofp\libg_nano.a(lib_a-nano-vfprintf_i.o)
                0x08009ea8                _printf_i
 .text.memchr   0x0800a0f4       0x1c d:/progra~2/stm32c~1/gnu-to~1/bin/../lib/gcc/arm-none-eabi/9.2.1/../../../../arm-none-eabi/lib/thumb/v7-m/nofp\libg_nano.a(lib_a-memchr-stub.o)
                0x0800a0f4                memchr
 .text.memcpy   0x0800a110       0x1c d:/progra~2/stm32c~1/gnu-to~1/bin/../lib/gcc/arm-none-eabi/9.2.1/../../../../arm-none-eabi/lib/thumb/v7-m/nofp\libg_nano.a(lib_a-memcpy-stub.o)
                0x0800a110                memcpy
 .text.memmove  0x0800a12c       0x34 d:/progra~2/stm32c~1/gnu-to~1/bin/../lib/gcc/arm-none-eabi/9.2.1/../../../../arm-none-eabi/lib/thumb/v7-m/nofp\libg_nano.a(lib_a-memmove.o)
                0x0800a12c                memmove
 .text._free_r  0x0800a160       0x98 d:/progra~2/stm32c~1/gnu-to~1/bin/../lib/gcc/arm-none-eabi/9.2.1/../../../../arm-none-eabi/lib/thumb/v7-m/nofp\libg_nano.a(lib_a-nano-freer.o)
                0x0800a160                _free_r
 .text._malloc_r
                0x0800a1f8       0xb4 d:/progra~2/stm32c~1/gnu-to~1/bin/../lib/gcc/arm-none-eabi/9.2.1/../../../../arm-none-eabi/lib/thumb/v7-m/nofp\libg_nano.a(lib_a-nano-mallocr.o)
                0x0800a1f8                _malloc_r
 .text._realloc_r
                0x0800a2ac       0x4c d:/progra~2/stm32c~1/gnu-to~1/bin/../lib/gcc/arm-none-eabi/9.2.1/../../../../arm-none-eabi/lib/thumb/v7-m/nofp\libg_nano.a(lib_a-nano-reallocr.o)
                0x0800a2ac                _realloc_r
 .text._sbrk_r  0x0800a2f8       0x20 d:/progra~2/stm32c~1/gnu-to~1/bin/../lib/gcc/arm-none-eabi/9.2.1/../../../../arm-none-eabi/lib/thumb/v7-m/nofp\libg_nano.a(lib_a-sbrkr.o)
                0x0800a2f8                _sbrk_r
 .text.__malloc_lock
                0x0800a318        0xc d:/progra~2/stm32c~1/gnu-to~1/bin/../lib/gcc/arm-none-eabi/9.2.1/../../../../arm-none-eabi/lib/thumb/v7-m/nofp\libg_nano.a(lib_a-mlock.o)
                0x0800a318                __malloc_lock
 .text.__malloc_unlock
                0x0800a324        0xc d:/progra~2/stm32c~1/gnu-to~1/bin/../lib/gcc/arm-none-eabi/9.2.1/../../../../arm-none-eabi/lib/thumb/v7-m/nofp\libg_nano.a(lib_a-mlock.o)
                0x0800a324                __malloc_unlock
 .text._malloc_usable_size_r
                0x0800a330       0x10 d:/progra~2/stm32c~1/gnu-to~1/bin/../lib/gcc/arm-none-eabi/9.2.1/../../../../arm-none-eabi/lib/thumb/v7-m/nofp\libg_nano.a(lib_a-nano-msizer.o)
                0x0800a330                _malloc_usable_size_r
 .text.__retarget_lock_acquire_recursive
                0x0800a340        0x2 d:/progra~2/stm32c~1/gnu-to~1/bin/../lib/gcc/arm-none-eabi/9.2.1/../../../../arm-none-eabi/lib/thumb/v7-m/nofp\libg_nano.a(lib_a-lock.o)
                0x0800a340                __retarget_lock_acquire_recursive
 .text.__retarget_lock_release_recursive
                0x0800a342        0x2 d:/progra~2/stm32c~1/gnu-to~1/bin/../lib/gcc/arm-none-eabi/9.2.1/../../../../arm-none-eabi/lib/thumb/v7-m/nofp\libg_nano.a(lib_a-lock.o)
                0x0800a342                __retarget_lock_release_recursive
 *fill*         0x0800a344        0x4 
 .text.ceil     0x0800a348       0xf8 d:/progra~2/stm32c~1/gnu-to~1/bin/../lib/gcc/arm-none-eabi/9.2.1/../../../../arm-none-eabi/lib/thumb/v7-m/nofp\libm.a(lib_a-s_ceil.o)
                0x0800a348                ceil
 .text.floor    0x0800a440       0xf8 d:/progra~2/stm32c~1/gnu-to~1/bin/../lib/gcc/arm-none-eabi/9.2.1/../../../../arm-none-eabi/lib/thumb/v7-m/nofp\libm.a(lib_a-s_floor.o)
                0x0800a440                floor
 .text.lround   0x0800a538       0x9c d:/progra~2/stm32c~1/gnu-to~1/bin/../lib/gcc/arm-none-eabi/9.2.1/../../../../arm-none-eabi/lib/thumb/v7-m/nofp\libm.a(lib_a-s_lround.o)
                0x0800a538                lround
 .text.round    0x0800a5d4       0x90 d:/progra~2/stm32c~1/gnu-to~1/bin/../lib/gcc/arm-none-eabi/9.2.1/../../../../arm-none-eabi/lib/thumb/v7-m/nofp\libm.a(lib_a-s_round.o)
                0x0800a5d4                round
 .text.trunc    0x0800a664       0x74 d:/progra~2/stm32c~1/gnu-to~1/bin/../lib/gcc/arm-none-eabi/9.2.1/../../../../arm-none-eabi/lib/thumb/v7-m/nofp\libm.a(lib_a-s_trunc.o)
                0x0800a664                trunc
 .text.ceilf    0x0800a6d8       0x7c d:/progra~2/stm32c~1/gnu-to~1/bin/../lib/gcc/arm-none-eabi/9.2.1/../../../../arm-none-eabi/lib/thumb/v7-m/nofp\libm.a(lib_a-sf_ceil.o)
                0x0800a6d8                ceilf
 .text.cosf     0x0800a754       0x78 d:/progra~2/stm32c~1/gnu-to~1/bin/../lib/gcc/arm-none-eabi/9.2.1/../../../../arm-none-eabi/lib/thumb/v7-m/nofp\libm.a(lib_a-sf_cos.o)
                0x0800a754                cosf
 .text.sinf     0x0800a7cc       0x7c d:/progra~2/stm32c~1/gnu-to~1/bin/../lib/gcc/arm-none-eabi/9.2.1/../../../../arm-none-eabi/lib/thumb/v7-m/nofp\libm.a(lib_a-sf_sin.o)
                0x0800a7cc                sinf
 .text.sqrt     0x0800a848       0xc0 d:/progra~2/stm32c~1/gnu-to~1/bin/../lib/gcc/arm-none-eabi/9.2.1/../../../../arm-none-eabi/lib/thumb/v7-m/nofp\libm.a(lib_a-w_sqrt.o)
                0x0800a848                sqrt
 .text.atan2f   0x0800a908        0x4 d:/progra~2/stm32c~1/gnu-to~1/bin/../lib/gcc/arm-none-eabi/9.2.1/../../../../arm-none-eabi/lib/thumb/v7-m/nofp\libm.a(lib_a-wf_atan2.o)
                0x0800a908                atan2f
 .text.sqrtf    0x0800a90c       0xa4 d:/progra~2/stm32c~1/gnu-to~1/bin/../lib/gcc/arm-none-eabi/9.2.1/../../../../arm-none-eabi/lib/thumb/v7-m/nofp\libm.a(lib_a-wf_sqrt.o)
                0x0800a90c                sqrtf
 .text.__ieee754_sqrt
                0x0800a9b0      0x188 d:/progra~2/stm32c~1/gnu-to~1/bin/../lib/gcc/arm-none-eabi/9.2.1/../../../../arm-none-eabi/lib/thumb/v7-m/nofp\libm.a(lib_a-e_sqrt.o)
                0x0800a9b0                __ieee754_sqrt
 .text.__ieee754_atan2f
                0x0800ab38      0x110 d:/progra~2/stm32c~1/gnu-to~1/bin/../lib/gcc/arm-none-eabi/9.2.1/../../../../arm-none-eabi/lib/thumb/v7-m/nofp\libm.a(lib_a-ef_atan2.o)
                0x0800ab38                __ieee754_atan2f
 .text.__ieee754_rem_pio2f
                0x0800ac48      0x2e8 d:/progra~2/stm32c~1/gnu-to~1/bin/../lib/gcc/arm-none-eabi/9.2.1/../../../../arm-none-eabi/lib/thumb/v7-m/nofp\libm.a(lib_a-ef_rem_pio2.o)
                0x0800ac48                __ieee754_rem_pio2f
 .text.__ieee754_sqrtf
                0x0800af30       0xa8 d:/progra~2/stm32c~1/gnu-to~1/bin/../lib/gcc/arm-none-eabi/9.2.1/../../../../arm-none-eabi/lib/thumb/v7-m/nofp\libm.a(lib_a-ef_sqrt.o)
                0x0800af30                __ieee754_sqrtf
 .text.__kernel_cosf
                0x0800afd8      0x18c d:/progra~2/stm32c~1/gnu-to~1/bin/../lib/gcc/arm-none-eabi/9.2.1/../../../../arm-none-eabi/lib/thumb/v7-m/nofp\libm.a(lib_a-kf_cos.o)
                0x0800afd8                __kernel_cosf
 .text.__kernel_rem_pio2f
                0x0800b164      0x6e4 d:/progra~2/stm32c~1/gnu-to~1/bin/../lib/gcc/arm-none-eabi/9.2.1/../../../../arm-none-eabi/lib/thumb/v7-m/nofp\libm.a(lib_a-kf_rem_pio2.o)
                0x0800b164                __kernel_rem_pio2f
 .text.__kernel_sinf
                0x0800b848       0xec d:/progra~2/stm32c~1/gnu-to~1/bin/../lib/gcc/arm-none-eabi/9.2.1/../../../../arm-none-eabi/lib/thumb/v7-m/nofp\libm.a(lib_a-kf_sin.o)
                0x0800b848                __kernel_sinf
 .text.matherr  0x0800b934        0x4 d:/progra~2/stm32c~1/gnu-to~1/bin/../lib/gcc/arm-none-eabi/9.2.1/../../../../arm-none-eabi/lib/thumb/v7-m/nofp\libm.a(lib_a-s_matherr.o)
                0x0800b934                matherr
 .text.atanf    0x0800b938      0x230 d:/progra~2/stm32c~1/gnu-to~1/bin/../lib/gcc/arm-none-eabi/9.2.1/../../../../arm-none-eabi/lib/thumb/v7-m/nofp\libm.a(lib_a-sf_atan.o)
                0x0800b938                atanf
 .text.fabsf    0x0800bb68        0x8 d:/progra~2/stm32c~1/gnu-to~1/bin/../lib/gcc/arm-none-eabi/9.2.1/../../../../arm-none-eabi/lib/thumb/v7-m/nofp\libm.a(lib_a-sf_fabs.o)
                0x0800bb68                fabsf
 .text.floorf   0x0800bb70       0x80 d:/progra~2/stm32c~1/gnu-to~1/bin/../lib/gcc/arm-none-eabi/9.2.1/../../../../arm-none-eabi/lib/thumb/v7-m/nofp\libm.a(lib_a-sf_floor.o)
                0x0800bb70                floorf
 .text.scalbnf  0x0800bbf0       0xb0 d:/progra~2/stm32c~1/gnu-to~1/bin/../lib/gcc/arm-none-eabi/9.2.1/../../../../arm-none-eabi/lib/thumb/v7-m/nofp\libm.a(lib_a-sf_scalbn.o)
                0x0800bbf0                scalbnf
 *(.glue_7)
 .glue_7        0x0800bca0        0x0 linker stubs
 *(.glue_7t)
 .glue_7t       0x0800bca0        0x0 linker stubs
 *(.eh_frame)
 .eh_frame      0x0800bca0        0x0 d:/progra~2/stm32c~1/gnu-to~1/bin/../lib/gcc/arm-none-eabi/9.2.1/thumb/v7-m/nofp/crtbegin.o
 *(.init)
 .init          0x0800bca0        0x4 d:/progra~2/stm32c~1/gnu-to~1/bin/../lib/gcc/arm-none-eabi/9.2.1/thumb/v7-m/nofp/crti.o
                0x0800bca0                _init
 .init          0x0800bca4        0x8 d:/progra~2/stm32c~1/gnu-to~1/bin/../lib/gcc/arm-none-eabi/9.2.1/thumb/v7-m/nofp/crtn.o
 *(.fini)
 .fini          0x0800bcac        0x4 d:/progra~2/stm32c~1/gnu-to~1/bin/../lib/gcc/arm-none-eabi/9.2.1/thumb/v7-m/nofp/crti.o
                0x0800bcac                _fini
 .fini          0x0800bcb0        0x8 d:/progra~2/stm32c~1/gnu-to~1/bin/../lib/gcc/arm-none-eabi/9.2.1/thumb/v7-m/nofp/crtn.o
                0x0800bcb8                . = ALIGN (0x4)
                0x0800bcb8                _etext = .

.vfp11_veneer   0x0800bcb8        0x0
 .vfp11_veneer  0x0800bcb8        0x0 linker stubs

.v4_bx          0x0800bcb8        0x0
 .v4_bx         0x0800bcb8        0x0 linker stubs

.iplt           0x0800bcb8        0x0
 .iplt          0x0800bcb8        0x0 d:/progra~2/stm32c~1/gnu-to~1/bin/../lib/gcc/arm-none-eabi/9.2.1/thumb/v7-m/nofp/crtbegin.o

.rodata         0x0800bcb8      0x6c8
                0x0800bcb8                . = ALIGN (0x4)
 *(.rodata)
 *(.rodata*)
 .rodata.outputs_pin_mask
                0x0800bcb8        0x8 CMakeFiles/GRBL_STM32F103.elf.dir/App/bsp/inoutputs.c.obj
                0x0800bcb8                outputs_pin_mask
 .rodata.uart_init.str1.4
                0x0800bcc0        0xf CMakeFiles/GRBL_STM32F103.elf.dir/App/bsp/stm32utilities.c.obj
 *fill*         0x0800bccf        0x1 
 .rodata.direction_pin_mask
                0x0800bcd0        0x6 CMakeFiles/GRBL_STM32F103.elf.dir/App/bsp/stm32utilities.c.obj
                0x0800bcd0                direction_pin_mask
 *fill*         0x0800bcd6        0x2 
 .rodata.limit_pin_mask
                0x0800bcd8        0x6 CMakeFiles/GRBL_STM32F103.elf.dir/App/bsp/stm32utilities.c.obj
                0x0800bcd8                limit_pin_mask
 *fill*         0x0800bcde        0x2 
 .rodata.step_pin_mask
                0x0800bce0        0x6 CMakeFiles/GRBL_STM32F103.elf.dir/App/bsp/stm32utilities.c.obj
                0x0800bce0                step_pin_mask
 *fill*         0x0800bce6        0x2 
 .rodata.report_status_message.str1.4
                0x0800bce8        0xf CMakeFiles/GRBL_STM32F103.elf.dir/App/grbl/report.c.obj
                                 0x13 (size before relaxing)
 *fill*         0x0800bcf7        0x1 
 .rodata.report_alarm_message.str1.4
                0x0800bcf8        0x7 CMakeFiles/GRBL_STM32F103.elf.dir/App/grbl/report.c.obj
 *fill*         0x0800bcff        0x1 
 .rodata.report_feedback_message.str1.4
                0x0800bd00       0xad CMakeFiles/GRBL_STM32F103.elf.dir/App/grbl/report.c.obj
 *fill*         0x0800bdad        0x3 
 .rodata.report_init_message.str1.4
                0x0800bdb0       0x22 CMakeFiles/GRBL_STM32F103.elf.dir/App/grbl/report.c.obj
 *fill*         0x0800bdd2        0x2 
 .rodata.report_grbl_help.str1.4
                0x0800bdd4       0x4a CMakeFiles/GRBL_STM32F103.elf.dir/App/grbl/report.c.obj
 *fill*         0x0800be1e        0x2 
 .rodata.report_probe_parameters.str1.4
                0x0800be20        0x6 CMakeFiles/GRBL_STM32F103.elf.dir/App/grbl/report.c.obj
 *fill*         0x0800be26        0x2 
 .rodata.report_ngc_parameters.str1.4
                0x0800be28       0x1a CMakeFiles/GRBL_STM32F103.elf.dir/App/grbl/report.c.obj
 *fill*         0x0800be42        0x2 
 .rodata.report_gcode_modes.str1.4
                0x0800be44       0x1f CMakeFiles/GRBL_STM32F103.elf.dir/App/grbl/report.c.obj
 *fill*         0x0800be63        0x1 
 .rodata.report_startup_line.str1.4
                0x0800be64        0x3 CMakeFiles/GRBL_STM32F103.elf.dir/App/grbl/report.c.obj
 *fill*         0x0800be67        0x1 
 .rodata.report_build_info.str1.4
                0x0800be68       0x22 CMakeFiles/GRBL_STM32F103.elf.dir/App/grbl/report.c.obj
 *fill*         0x0800be8a        0x2 
 .rodata.report_realtime_status.str1.4
                0x0800be8c       0x7b CMakeFiles/GRBL_STM32F103.elf.dir/App/grbl/report.c.obj
 *fill*         0x0800bf07        0x1 
 .rodata.HAL_RCC_ClockConfig.str1.4
                0x0800bf08       0x11 CMakeFiles/GRBL_STM32F103.elf.dir/Drivers/STM32F1xx_HAL_Driver/Src/stm32f1xx_hal_rcc.c.obj
 *fill*         0x0800bf19        0x3 
 .rodata.AHBPrescTable
                0x0800bf1c       0x10 CMakeFiles/GRBL_STM32F103.elf.dir/Src/system_stm32f1xx.c.obj
                0x0800bf1c                AHBPrescTable
 .rodata.APBPrescTable
                0x0800bf2c        0x8 CMakeFiles/GRBL_STM32F103.elf.dir/Src/system_stm32f1xx.c.obj
                0x0800bf2c                APBPrescTable
 .rodata._svfprintf_r.str1.1
                0x0800bf34       0x11 d:/progra~2/stm32c~1/gnu-to~1/bin/../lib/gcc/arm-none-eabi/9.2.1/../../../../arm-none-eabi/lib/thumb/v7-m/nofp\libg_nano.a(lib_a-nano-svfprintf.o)
 .rodata._printf_i.str1.1
                0x0800bf45       0x22 d:/progra~2/stm32c~1/gnu-to~1/bin/../lib/gcc/arm-none-eabi/9.2.1/../../../../arm-none-eabi/lib/thumb/v7-m/nofp\libg_nano.a(lib_a-nano-vfprintf_i.o)
 *fill*         0x0800bf67        0x1 
 .rodata.sqrt.str1.4
                0x0800bf68        0x5 d:/progra~2/stm32c~1/gnu-to~1/bin/../lib/gcc/arm-none-eabi/9.2.1/../../../../arm-none-eabi/lib/thumb/v7-m/nofp\libm.a(lib_a-w_sqrt.o)
 *fill*         0x0800bf6d        0x3 
 .rodata.sqrtf.str1.4
                0x0800bf70        0x6 d:/progra~2/stm32c~1/gnu-to~1/bin/../lib/gcc/arm-none-eabi/9.2.1/../../../../arm-none-eabi/lib/thumb/v7-m/nofp\libm.a(lib_a-wf_sqrt.o)
 *fill*         0x0800bf76        0x2 
 .rodata.CSWTCH.8
                0x0800bf78        0xc d:/progra~2/stm32c~1/gnu-to~1/bin/../lib/gcc/arm-none-eabi/9.2.1/../../../../arm-none-eabi/lib/thumb/v7-m/nofp\libm.a(lib_a-ef_atan2.o)
 .rodata.CSWTCH.9
                0x0800bf84        0xc d:/progra~2/stm32c~1/gnu-to~1/bin/../lib/gcc/arm-none-eabi/9.2.1/../../../../arm-none-eabi/lib/thumb/v7-m/nofp\libm.a(lib_a-ef_atan2.o)
 .rodata.npio2_hw
                0x0800bf90       0x80 d:/progra~2/stm32c~1/gnu-to~1/bin/../lib/gcc/arm-none-eabi/9.2.1/../../../../arm-none-eabi/lib/thumb/v7-m/nofp\libm.a(lib_a-ef_rem_pio2.o)
 .rodata.two_over_pi
                0x0800c010      0x318 d:/progra~2/stm32c~1/gnu-to~1/bin/../lib/gcc/arm-none-eabi/9.2.1/../../../../arm-none-eabi/lib/thumb/v7-m/nofp\libm.a(lib_a-ef_rem_pio2.o)
 .rodata.PIo2   0x0800c328       0x2c d:/progra~2/stm32c~1/gnu-to~1/bin/../lib/gcc/arm-none-eabi/9.2.1/../../../../arm-none-eabi/lib/thumb/v7-m/nofp\libm.a(lib_a-kf_rem_pio2.o)
 .rodata.init_jk
                0x0800c354        0xc d:/progra~2/stm32c~1/gnu-to~1/bin/../lib/gcc/arm-none-eabi/9.2.1/../../../../arm-none-eabi/lib/thumb/v7-m/nofp\libm.a(lib_a-kf_rem_pio2.o)
 .rodata.atanhi
                0x0800c360       0x10 d:/progra~2/stm32c~1/gnu-to~1/bin/../lib/gcc/arm-none-eabi/9.2.1/../../../../arm-none-eabi/lib/thumb/v7-m/nofp\libm.a(lib_a-sf_atan.o)
 .rodata.atanlo
                0x0800c370       0x10 d:/progra~2/stm32c~1/gnu-to~1/bin/../lib/gcc/arm-none-eabi/9.2.1/../../../../arm-none-eabi/lib/thumb/v7-m/nofp\libm.a(lib_a-sf_atan.o)
                0x0800c380                . = ALIGN (0x4)

.rel.dyn        0x0800c380        0x0
 .rel.iplt      0x0800c380        0x0 d:/progra~2/stm32c~1/gnu-to~1/bin/../lib/gcc/arm-none-eabi/9.2.1/thumb/v7-m/nofp/crtbegin.o

.ARM.extab
 *(.ARM.extab* .gnu.linkonce.armextab.*)

.ARM            0x0800c380        0x0
                0x0800c380                __exidx_start = .
 *(.ARM.exidx*)
                0x0800c380                __exidx_end = .

.preinit_array  0x0800c380        0x0
                0x0800c380                PROVIDE (__preinit_array_start = .)
 *(.preinit_array*)
                0x0800c380                PROVIDE (__preinit_array_end = .)

.init_array     0x0800c380        0x4
                0x0800c380                PROVIDE (__init_array_start = .)
 *(SORT_BY_NAME(.init_array.*))
 *(.init_array*)
 .init_array    0x0800c380        0x4 d:/progra~2/stm32c~1/gnu-to~1/bin/../lib/gcc/arm-none-eabi/9.2.1/thumb/v7-m/nofp/crtbegin.o
                0x0800c384                PROVIDE (__init_array_end = .)

.fini_array     0x0800c384        0x4
                [!provide]                PROVIDE (__fini_array_start = .)
 *(SORT_BY_NAME(.fini_array.*))
 *(.fini_array*)
 .fini_array    0x0800c384        0x4 d:/progra~2/stm32c~1/gnu-to~1/bin/../lib/gcc/arm-none-eabi/9.2.1/thumb/v7-m/nofp/crtbegin.o
                [!provide]                PROVIDE (__fini_array_end = .)
                0x0800c388                _sidata = LOADADDR (.data)

.data           0x20000000       0x74 load address 0x0800c388
                0x20000000                . = ALIGN (0x4)
                0x20000000                _sdata = .
 *(.data)
 *(.data*)
 .data.uwTickFreq
                0x20000000        0x1 CMakeFiles/GRBL_STM32F103.elf.dir/Drivers/STM32F1xx_HAL_Driver/Src/stm32f1xx_hal.c.obj
                0x20000000                uwTickFreq
 *fill*         0x20000001        0x3 
 .data.uwTickPrio
                0x20000004        0x4 CMakeFiles/GRBL_STM32F103.elf.dir/Drivers/STM32F1xx_HAL_Driver/Src/stm32f1xx_hal.c.obj
                0x20000004                uwTickPrio
 .data.SystemCoreClock
                0x20000008        0x4 CMakeFiles/GRBL_STM32F103.elf.dir/Src/system_stm32f1xx.c.obj
                0x20000008                SystemCoreClock
 .data._impure_ptr
                0x2000000c        0x4 d:/progra~2/stm32c~1/gnu-to~1/bin/../lib/gcc/arm-none-eabi/9.2.1/../../../../arm-none-eabi/lib/thumb/v7-m/nofp\libg_nano.a(lib_a-impure.o)
                0x2000000c                _impure_ptr
 .data.impure_data
                0x20000010       0x60 d:/progra~2/stm32c~1/gnu-to~1/bin/../lib/gcc/arm-none-eabi/9.2.1/../../../../arm-none-eabi/lib/thumb/v7-m/nofp\libg_nano.a(lib_a-impure.o)
 .data.__fdlib_version
                0x20000070        0x1 d:/progra~2/stm32c~1/gnu-to~1/bin/../lib/gcc/arm-none-eabi/9.2.1/../../../../arm-none-eabi/lib/thumb/v7-m/nofp\libm.a(lib_a-s_lib_ver.o)
                0x20000070                __fdlib_version
                0x20000074                . = ALIGN (0x4)
 *fill*         0x20000071        0x3 
                0x20000074                _edata = .

.igot.plt       0x20000074        0x0 load address 0x0800c3fc
 .igot.plt      0x20000074        0x0 d:/progra~2/stm32c~1/gnu-to~1/bin/../lib/gcc/arm-none-eabi/9.2.1/thumb/v7-m/nofp/crtbegin.o
                0x20000074                . = ALIGN (0x4)

.bss            0x20000078     0x3440 load address 0x0800c3fc
                0x20000078                _sbss = .
                0x20000078                __bss_start__ = _sbss
 *(.bss)
 .bss           0x20000078       0x1c d:/progra~2/stm32c~1/gnu-to~1/bin/../lib/gcc/arm-none-eabi/9.2.1/thumb/v7-m/nofp/crtbegin.o
 *(.bss*)
 .bss.fTICKS_PER_MINUTE
                0x20000094        0x4 CMakeFiles/GRBL_STM32F103.elf.dir/App/bsp/stm32utilities.c.obj
                0x20000094                fTICKS_PER_MINUTE
 .bss.pDbgStr   0x20000098       0x50 CMakeFiles/GRBL_STM32F103.elf.dir/App/bsp/stm32utilities.c.obj
                0x20000098                pDbgStr
 .bss.uTICKS_PER_MICROSECOND
                0x200000e8        0x4 CMakeFiles/GRBL_STM32F103.elf.dir/App/bsp/stm32utilities.c.obj
                0x200000e8                uTICKS_PER_MICROSECOND
 .bss.EE_Buffer
                0x200000ec      0x400 CMakeFiles/GRBL_STM32F103.elf.dir/App/grbl/eeprom.c.obj
                0x200000ec                EE_Buffer
 .bss.gc_block  0x200004ec       0x4c CMakeFiles/GRBL_STM32F103.elf.dir/App/grbl/gcode.c.obj
                0x200004ec                gc_block
 .bss.gc_state  0x20000538       0x48 CMakeFiles/GRBL_STM32F103.elf.dir/App/grbl/gcode.c.obj
                0x20000538                gc_state
 .bss.block_buffer
                0x20000580     0x28a0 CMakeFiles/GRBL_STM32F103.elf.dir/App/grbl/planner.c.obj
 .bss.block_buffer_head
                0x20002e20        0x1 CMakeFiles/GRBL_STM32F103.elf.dir/App/grbl/planner.c.obj
 .bss.block_buffer_planned
                0x20002e21        0x1 CMakeFiles/GRBL_STM32F103.elf.dir/App/grbl/planner.c.obj
 .bss.block_buffer_tail
                0x20002e22        0x1 CMakeFiles/GRBL_STM32F103.elf.dir/App/grbl/planner.c.obj
 .bss.next_buffer_head
                0x20002e23        0x1 CMakeFiles/GRBL_STM32F103.elf.dir/App/grbl/planner.c.obj
 .bss.pl        0x20002e24       0x1c CMakeFiles/GRBL_STM32F103.elf.dir/App/grbl/planner.c.obj
 .bss.probe_invert_mask
                0x20002e40        0x2 CMakeFiles/GRBL_STM32F103.elf.dir/App/grbl/probe.c.obj
                0x20002e40                probe_invert_mask
 *fill*         0x20002e42        0x2 
 .bss.line      0x20002e44       0x50 CMakeFiles/GRBL_STM32F103.elf.dir/App/grbl/protocol.c.obj
 .bss.serial_rx_buffer
                0x20002e94       0xfe CMakeFiles/GRBL_STM32F103.elf.dir/App/grbl/serial.c.obj
                0x20002e94                serial_rx_buffer
 .bss.serial_rx_buffer_head
                0x20002f92        0x1 CMakeFiles/GRBL_STM32F103.elf.dir/App/grbl/serial.c.obj
                0x20002f92                serial_rx_buffer_head
 .bss.serial_rx_buffer_tail
                0x20002f93        0x1 CMakeFiles/GRBL_STM32F103.elf.dir/App/grbl/serial.c.obj
                0x20002f93                serial_rx_buffer_tail
 .bss.adjustments
                0x20002f94       0x18 CMakeFiles/GRBL_STM32F103.elf.dir/App/grbl/settings.c.obj
                0x20002f94                adjustments
 .bss.settings  0x20002fac       0x64 CMakeFiles/GRBL_STM32F103.elf.dir/App/grbl/settings.c.obj
                0x20002fac                settings
 .bss.pwm_gradient
                0x20003010        0x4 CMakeFiles/GRBL_STM32F103.elf.dir/App/grbl/spindle_control.c.obj
 .bss.busy      0x20003014        0x1 CMakeFiles/GRBL_STM32F103.elf.dir/App/grbl/stepper.c.obj
 *fill*         0x20003015        0x1 
 .bss.dir_port_invert_mask
                0x20003016        0x2 CMakeFiles/GRBL_STM32F103.elf.dir/App/grbl/stepper.c.obj
 .bss.pl_block  0x20003018        0x4 CMakeFiles/GRBL_STM32F103.elf.dir/App/grbl/stepper.c.obj
 .bss.prep      0x2000301c       0x38 CMakeFiles/GRBL_STM32F103.elf.dir/App/grbl/stepper.c.obj
 .bss.segment_buffer
                0x20003054      0x100 CMakeFiles/GRBL_STM32F103.elf.dir/App/grbl/stepper.c.obj
 .bss.segment_buffer_head
                0x20003154        0x1 CMakeFiles/GRBL_STM32F103.elf.dir/App/grbl/stepper.c.obj
 .bss.segment_buffer_tail
                0x20003155        0x1 CMakeFiles/GRBL_STM32F103.elf.dir/App/grbl/stepper.c.obj
 .bss.segment_next_head
                0x20003156        0x1 CMakeFiles/GRBL_STM32F103.elf.dir/App/grbl/stepper.c.obj
 *fill*         0x20003157        0x1 
 .bss.st        0x20003158       0x38 CMakeFiles/GRBL_STM32F103.elf.dir/App/grbl/stepper.c.obj
 .bss.st_block_buffer
                0x20003190      0x26c CMakeFiles/GRBL_STM32F103.elf.dir/App/grbl/stepper.c.obj
 .bss.st_prep_block
                0x200033fc        0x4 CMakeFiles/GRBL_STM32F103.elf.dir/App/grbl/stepper.c.obj
 .bss.step_port_invert_mask
                0x20003400        0x2 CMakeFiles/GRBL_STM32F103.elf.dir/App/grbl/stepper.c.obj
 *fill*         0x20003402        0x2 
 .bss.uwTick    0x20003404        0x4 CMakeFiles/GRBL_STM32F103.elf.dir/Drivers/STM32F1xx_HAL_Driver/Src/stm32f1xx_hal.c.obj
                0x20003404                uwTick
 .bss.pFlash    0x20003408       0x20 CMakeFiles/GRBL_STM32F103.elf.dir/Drivers/STM32F1xx_HAL_Driver/Src/stm32f1xx_hal_flash.c.obj
                0x20003408                pFlash
 .bss.sys       0x20003428       0x14 CMakeFiles/GRBL_STM32F103.elf.dir/Src/main.c.obj
                0x20003428                sys
 .bss.sys_position
                0x2000343c        0xc CMakeFiles/GRBL_STM32F103.elf.dir/Src/main.c.obj
                0x2000343c                sys_position
 .bss.sys_probe_position
                0x20003448        0xc CMakeFiles/GRBL_STM32F103.elf.dir/Src/main.c.obj
                0x20003448                sys_probe_position
 .bss.sys_probe_state
                0x20003454        0x1 CMakeFiles/GRBL_STM32F103.elf.dir/Src/main.c.obj
                0x20003454                sys_probe_state
 .bss.sys_rt_exec_accessory_override
                0x20003455        0x1 CMakeFiles/GRBL_STM32F103.elf.dir/Src/main.c.obj
                0x20003455                sys_rt_exec_accessory_override
 .bss.sys_rt_exec_alarm
                0x20003456        0x1 CMakeFiles/GRBL_STM32F103.elf.dir/Src/main.c.obj
                0x20003456                sys_rt_exec_alarm
 .bss.sys_rt_exec_motion_override
                0x20003457        0x1 CMakeFiles/GRBL_STM32F103.elf.dir/Src/main.c.obj
                0x20003457                sys_rt_exec_motion_override
 .bss.sys_rt_exec_state
                0x20003458        0x1 CMakeFiles/GRBL_STM32F103.elf.dir/Src/main.c.obj
                0x20003458                sys_rt_exec_state
 *fill*         0x20003459        0x3 
 .bss.heap_end.6018
                0x2000345c        0x4 CMakeFiles/GRBL_STM32F103.elf.dir/Src/syscalls.c.obj
 .bss.htim4     0x20003460       0x40 CMakeFiles/GRBL_STM32F103.elf.dir/Src/tim.c.obj
                0x20003460                htim4
 .bss.__malloc_free_list
                0x200034a0        0x4 d:/progra~2/stm32c~1/gnu-to~1/bin/../lib/gcc/arm-none-eabi/9.2.1/../../../../arm-none-eabi/lib/thumb/v7-m/nofp\libg_nano.a(lib_a-nano-mallocr.o)
                0x200034a0                __malloc_free_list
 .bss.__malloc_sbrk_start
                0x200034a4        0x4 d:/progra~2/stm32c~1/gnu-to~1/bin/../lib/gcc/arm-none-eabi/9.2.1/../../../../arm-none-eabi/lib/thumb/v7-m/nofp\libg_nano.a(lib_a-nano-mallocr.o)
                0x200034a4                __malloc_sbrk_start
 *(COMMON)
 COMMON         0x200034a8        0x4 d:/progra~2/stm32c~1/gnu-to~1/bin/../lib/gcc/arm-none-eabi/9.2.1/../../../../arm-none-eabi/lib/thumb/v7-m/nofp\libg_nano.a(lib_a-reent.o)
                0x200034a8                errno
 COMMON         0x200034ac        0x9 d:/progra~2/stm32c~1/gnu-to~1/bin/../lib/gcc/arm-none-eabi/9.2.1/../../../../arm-none-eabi/lib/thumb/v7-m/nofp\libg_nano.a(lib_a-lock.o)
                0x200034ac                __lock___atexit_recursive_mutex
                0x200034ad                __lock___arc4random_mutex
                0x200034ae                __lock___env_recursive_mutex
                0x200034af                __lock___sinit_recursive_mutex
                0x200034b0                __lock___malloc_recursive_mutex
                0x200034b1                __lock___at_quick_exit_mutex
                0x200034b2                __lock___dd_hash_mutex
                0x200034b3                __lock___tz_mutex
                0x200034b4                __lock___sfp_recursive_mutex
                0x200034b8                . = ALIGN (0x4)
 *fill*         0x200034b5        0x3 
                0x200034b8                _ebss = .
                0x200034b8                __bss_end__ = _ebss

._user_heap_stack
                0x200034b8      0x600 load address 0x0800c3fc
                0x200034b8                . = ALIGN (0x8)
                0x200034b8                PROVIDE (end = .)
                [!provide]                PROVIDE (_end = .)
                0x200036b8                . = (. + _Min_Heap_Size)
 *fill*         0x200034b8      0x200 
                0x20003ab8                . = (. + _Min_Stack_Size)
 *fill*         0x200036b8      0x400 
                0x20003ab8                . = ALIGN (0x8)

/DISCARD/
 libc.a(*)
 libm.a(*)
 libgcc.a(*)

.ARM.attributes
                0x00000000       0x29
 *(.ARM.attributes)
 .ARM.attributes
                0x00000000       0x1d d:/progra~2/stm32c~1/gnu-to~1/bin/../lib/gcc/arm-none-eabi/9.2.1/thumb/v7-m/nofp/crti.o
 .ARM.attributes
                0x0000001d       0x2d d:/progra~2/stm32c~1/gnu-to~1/bin/../lib/gcc/arm-none-eabi/9.2.1/thumb/v7-m/nofp/crtbegin.o
 .ARM.attributes
                0x0000004a       0x2d CMakeFiles/GRBL_STM32F103.elf.dir/App/bsp/inoutputs.c.obj
 .ARM.attributes
                0x00000077       0x2d CMakeFiles/GRBL_STM32F103.elf.dir/App/bsp/stm32utilities.c.obj
 .ARM.attributes
                0x000000a4       0x2d CMakeFiles/GRBL_STM32F103.elf.dir/App/grbl/coolant_control.c.obj
 .ARM.attributes
                0x000000d1       0x2d CMakeFiles/GRBL_STM32F103.elf.dir/App/grbl/eeprom.c.obj
 .ARM.attributes
                0x000000fe       0x2d CMakeFiles/GRBL_STM32F103.elf.dir/App/grbl/gcode.c.obj
 .ARM.attributes
                0x0000012b       0x2d CMakeFiles/GRBL_STM32F103.elf.dir/App/grbl/jog.c.obj
 .ARM.attributes
                0x00000158       0x2d CMakeFiles/GRBL_STM32F103.elf.dir/App/grbl/limits.c.obj
 .ARM.attributes
                0x00000185       0x2d CMakeFiles/GRBL_STM32F103.elf.dir/App/grbl/motion_control.c.obj
 .ARM.attributes
                0x000001b2       0x2d CMakeFiles/GRBL_STM32F103.elf.dir/App/grbl/nuts_bolts.c.obj
 .ARM.attributes
                0x000001df       0x2d CMakeFiles/GRBL_STM32F103.elf.dir/App/grbl/planner.c.obj
 .ARM.attributes
                0x0000020c       0x2d CMakeFiles/GRBL_STM32F103.elf.dir/App/grbl/print.c.obj
 .ARM.attributes
                0x00000239       0x2d CMakeFiles/GRBL_STM32F103.elf.dir/App/grbl/probe.c.obj
 .ARM.attributes
                0x00000266       0x2d CMakeFiles/GRBL_STM32F103.elf.dir/App/grbl/protocol.c.obj
 .ARM.attributes
                0x00000293       0x2d CMakeFiles/GRBL_STM32F103.elf.dir/App/grbl/report.c.obj
 .ARM.attributes
                0x000002c0       0x2d CMakeFiles/GRBL_STM32F103.elf.dir/App/grbl/serial.c.obj
 .ARM.attributes
                0x000002ed       0x2d CMakeFiles/GRBL_STM32F103.elf.dir/App/grbl/settings.c.obj
 .ARM.attributes
                0x0000031a       0x2d CMakeFiles/GRBL_STM32F103.elf.dir/App/grbl/spindle_control.c.obj
 .ARM.attributes
                0x00000347       0x2d CMakeFiles/GRBL_STM32F103.elf.dir/App/grbl/stepper.c.obj
 .ARM.attributes
                0x00000374       0x2d CMakeFiles/GRBL_STM32F103.elf.dir/App/grbl/system.c.obj
 .ARM.attributes
                0x000003a1       0x2d CMakeFiles/GRBL_STM32F103.elf.dir/Drivers/STM32F1xx_HAL_Driver/Src/stm32f1xx_hal.c.obj
 .ARM.attributes
                0x000003ce       0x2d CMakeFiles/GRBL_STM32F103.elf.dir/Drivers/STM32F1xx_HAL_Driver/Src/stm32f1xx_hal_cortex.c.obj
 .ARM.attributes
                0x000003fb       0x2d CMakeFiles/GRBL_STM32F103.elf.dir/Drivers/STM32F1xx_HAL_Driver/Src/stm32f1xx_hal_flash.c.obj
 .ARM.attributes
                0x00000428       0x2d CMakeFiles/GRBL_STM32F103.elf.dir/Drivers/STM32F1xx_HAL_Driver/Src/stm32f1xx_hal_flash_ex.c.obj
 .ARM.attributes
                0x00000455       0x2d CMakeFiles/GRBL_STM32F103.elf.dir/Drivers/STM32F1xx_HAL_Driver/Src/stm32f1xx_hal_gpio.c.obj
 .ARM.attributes
                0x00000482       0x2d CMakeFiles/GRBL_STM32F103.elf.dir/Drivers/STM32F1xx_HAL_Driver/Src/stm32f1xx_hal_rcc.c.obj
 .ARM.attributes
                0x000004af       0x2d CMakeFiles/GRBL_STM32F103.elf.dir/Drivers/STM32F1xx_HAL_Driver/Src/stm32f1xx_hal_tim.c.obj
 .ARM.attributes
                0x000004dc       0x2d CMakeFiles/GRBL_STM32F103.elf.dir/Drivers/STM32F1xx_HAL_Driver/Src/stm32f1xx_hal_tim_ex.c.obj
 .ARM.attributes
                0x00000509       0x2d CMakeFiles/GRBL_STM32F103.elf.dir/Drivers/STM32F1xx_HAL_Driver/Src/stm32f1xx_ll_gpio.c.obj
 .ARM.attributes
                0x00000536       0x2d CMakeFiles/GRBL_STM32F103.elf.dir/Drivers/STM32F1xx_HAL_Driver/Src/stm32f1xx_ll_rcc.c.obj
 .ARM.attributes
                0x00000563       0x2d CMakeFiles/GRBL_STM32F103.elf.dir/Drivers/STM32F1xx_HAL_Driver/Src/stm32f1xx_ll_tim.c.obj
 .ARM.attributes
                0x00000590       0x2d CMakeFiles/GRBL_STM32F103.elf.dir/Drivers/STM32F1xx_HAL_Driver/Src/stm32f1xx_ll_usart.c.obj
 .ARM.attributes
                0x000005bd       0x2d CMakeFiles/GRBL_STM32F103.elf.dir/Src/gpio.c.obj
 .ARM.attributes
                0x000005ea       0x2d CMakeFiles/GRBL_STM32F103.elf.dir/Src/main.c.obj
 .ARM.attributes
                0x00000617       0x2d CMakeFiles/GRBL_STM32F103.elf.dir/Src/stm32f1xx_hal_msp.c.obj
 .ARM.attributes
                0x00000644       0x2d CMakeFiles/GRBL_STM32F103.elf.dir/Src/stm32f1xx_it.c.obj
 .ARM.attributes
                0x00000671       0x2d CMakeFiles/GRBL_STM32F103.elf.dir/Src/syscalls.c.obj
 .ARM.attributes
                0x0000069e       0x2d CMakeFiles/GRBL_STM32F103.elf.dir/Src/system_stm32f1xx.c.obj
 .ARM.attributes
                0x000006cb       0x2d CMakeFiles/GRBL_STM32F103.elf.dir/Src/tim.c.obj
 .ARM.attributes
                0x000006f8       0x2d CMakeFiles/GRBL_STM32F103.elf.dir/Src/usart.c.obj
 .ARM.attributes
                0x00000725       0x21 CMakeFiles/GRBL_STM32F103.elf.dir/startup/startup_stm32f103xb.s.obj
 .ARM.attributes
                0x00000746       0x1d d:/progra~2/stm32c~1/gnu-to~1/bin/../lib/gcc/arm-none-eabi/9.2.1/thumb/v7-m/nofp\libgcc.a(_arm_addsubdf3.o)
 .ARM.attributes
                0x00000763       0x1d d:/progra~2/stm32c~1/gnu-to~1/bin/../lib/gcc/arm-none-eabi/9.2.1/thumb/v7-m/nofp\libgcc.a(_arm_muldivdf3.o)
 .ARM.attributes
                0x00000780       0x1d d:/progra~2/stm32c~1/gnu-to~1/bin/../lib/gcc/arm-none-eabi/9.2.1/thumb/v7-m/nofp\libgcc.a(_arm_cmpdf2.o)
 .ARM.attributes
                0x0000079d       0x1d d:/progra~2/stm32c~1/gnu-to~1/bin/../lib/gcc/arm-none-eabi/9.2.1/thumb/v7-m/nofp\libgcc.a(_arm_fixunsdfsi.o)
 .ARM.attributes
                0x000007ba       0x1d d:/progra~2/stm32c~1/gnu-to~1/bin/../lib/gcc/arm-none-eabi/9.2.1/thumb/v7-m/nofp\libgcc.a(_arm_truncdfsf2.o)
 .ARM.attributes
                0x000007d7       0x1d d:/progra~2/stm32c~1/gnu-to~1/bin/../lib/gcc/arm-none-eabi/9.2.1/thumb/v7-m/nofp\libgcc.a(_arm_addsubsf3.o)
 .ARM.attributes
                0x000007f4       0x1d d:/progra~2/stm32c~1/gnu-to~1/bin/../lib/gcc/arm-none-eabi/9.2.1/thumb/v7-m/nofp\libgcc.a(_arm_muldivsf3.o)
 .ARM.attributes
                0x00000811       0x1d d:/progra~2/stm32c~1/gnu-to~1/bin/../lib/gcc/arm-none-eabi/9.2.1/thumb/v7-m/nofp\libgcc.a(_arm_cmpsf2.o)
 .ARM.attributes
                0x0000082e       0x1d d:/progra~2/stm32c~1/gnu-to~1/bin/../lib/gcc/arm-none-eabi/9.2.1/thumb/v7-m/nofp\libgcc.a(_arm_fixsfsi.o)
 .ARM.attributes
                0x0000084b       0x1d d:/progra~2/stm32c~1/gnu-to~1/bin/../lib/gcc/arm-none-eabi/9.2.1/thumb/v7-m/nofp\libgcc.a(_arm_fixunssfsi.o)
 .ARM.attributes
                0x00000868       0x2d d:/progra~2/stm32c~1/gnu-to~1/bin/../lib/gcc/arm-none-eabi/9.2.1/../../../../arm-none-eabi/lib/thumb/v7-m/nofp\libg_nano.a(lib_a-errno.o)
 .ARM.attributes
                0x00000895       0x2d d:/progra~2/stm32c~1/gnu-to~1/bin/../lib/gcc/arm-none-eabi/9.2.1/../../../../arm-none-eabi/lib/thumb/v7-m/nofp\libg_nano.a(lib_a-impure.o)
 .ARM.attributes
                0x000008c2       0x2d d:/progra~2/stm32c~1/gnu-to~1/bin/../lib/gcc/arm-none-eabi/9.2.1/../../../../arm-none-eabi/lib/thumb/v7-m/nofp\libg_nano.a(lib_a-init.o)
 .ARM.attributes
                0x000008ef       0x2d d:/progra~2/stm32c~1/gnu-to~1/bin/../lib/gcc/arm-none-eabi/9.2.1/../../../../arm-none-eabi/lib/thumb/v7-m/nofp\libg_nano.a(lib_a-memcmp.o)
 .ARM.attributes
                0x0000091c       0x2d d:/progra~2/stm32c~1/gnu-to~1/bin/../lib/gcc/arm-none-eabi/9.2.1/../../../../arm-none-eabi/lib/thumb/v7-m/nofp\libg_nano.a(lib_a-memset.o)
 .ARM.attributes
                0x00000949       0x2d d:/progra~2/stm32c~1/gnu-to~1/bin/../lib/gcc/arm-none-eabi/9.2.1/../../../../arm-none-eabi/lib/thumb/v7-m/nofp\libg_nano.a(lib_a-sprintf.o)
 .ARM.attributes
                0x00000976       0x2d d:/progra~2/stm32c~1/gnu-to~1/bin/../lib/gcc/arm-none-eabi/9.2.1/../../../../arm-none-eabi/lib/thumb/v7-m/nofp\libg_nano.a(lib_a-nano-svfprintf.o)
 .ARM.attributes
                0x000009a3       0x2d d:/progra~2/stm32c~1/gnu-to~1/bin/../lib/gcc/arm-none-eabi/9.2.1/../../../../arm-none-eabi/lib/thumb/v7-m/nofp\libg_nano.a(lib_a-nano-vfprintf_i.o)
 .ARM.attributes
                0x000009d0       0x2d d:/progra~2/stm32c~1/gnu-to~1/bin/../lib/gcc/arm-none-eabi/9.2.1/../../../../arm-none-eabi/lib/thumb/v7-m/nofp\libg_nano.a(lib_a-memchr-stub.o)
 .ARM.attributes
                0x000009fd       0x2d d:/progra~2/stm32c~1/gnu-to~1/bin/../lib/gcc/arm-none-eabi/9.2.1/../../../../arm-none-eabi/lib/thumb/v7-m/nofp\libg_nano.a(lib_a-memcpy-stub.o)
 .ARM.attributes
                0x00000a2a       0x2d d:/progra~2/stm32c~1/gnu-to~1/bin/../lib/gcc/arm-none-eabi/9.2.1/../../../../arm-none-eabi/lib/thumb/v7-m/nofp\libg_nano.a(lib_a-memmove.o)
 .ARM.attributes
                0x00000a57       0x2d d:/progra~2/stm32c~1/gnu-to~1/bin/../lib/gcc/arm-none-eabi/9.2.1/../../../../arm-none-eabi/lib/thumb/v7-m/nofp\libg_nano.a(lib_a-nano-freer.o)
 .ARM.attributes
                0x00000a84       0x2d d:/progra~2/stm32c~1/gnu-to~1/bin/../lib/gcc/arm-none-eabi/9.2.1/../../../../arm-none-eabi/lib/thumb/v7-m/nofp\libg_nano.a(lib_a-nano-mallocr.o)
 .ARM.attributes
                0x00000ab1       0x2d d:/progra~2/stm32c~1/gnu-to~1/bin/../lib/gcc/arm-none-eabi/9.2.1/../../../../arm-none-eabi/lib/thumb/v7-m/nofp\libg_nano.a(lib_a-nano-reallocr.o)
 .ARM.attributes
                0x00000ade       0x2d d:/progra~2/stm32c~1/gnu-to~1/bin/../lib/gcc/arm-none-eabi/9.2.1/../../../../arm-none-eabi/lib/thumb/v7-m/nofp\libg_nano.a(lib_a-sbrkr.o)
 .ARM.attributes
                0x00000b0b       0x2d d:/progra~2/stm32c~1/gnu-to~1/bin/../lib/gcc/arm-none-eabi/9.2.1/../../../../arm-none-eabi/lib/thumb/v7-m/nofp\libg_nano.a(lib_a-mlock.o)
 .ARM.attributes
                0x00000b38       0x2d d:/progra~2/stm32c~1/gnu-to~1/bin/../lib/gcc/arm-none-eabi/9.2.1/../../../../arm-none-eabi/lib/thumb/v7-m/nofp\libg_nano.a(lib_a-nano-msizer.o)
 .ARM.attributes
                0x00000b65       0x2d d:/progra~2/stm32c~1/gnu-to~1/bin/../lib/gcc/arm-none-eabi/9.2.1/../../../../arm-none-eabi/lib/thumb/v7-m/nofp\libg_nano.a(lib_a-reent.o)
 .ARM.attributes
                0x00000b92       0x2d d:/progra~2/stm32c~1/gnu-to~1/bin/../lib/gcc/arm-none-eabi/9.2.1/../../../../arm-none-eabi/lib/thumb/v7-m/nofp\libg_nano.a(lib_a-lock.o)
 .ARM.attributes
                0x00000bbf       0x1d d:/progra~2/stm32c~1/gnu-to~1/bin/../lib/gcc/arm-none-eabi/9.2.1/thumb/v7-m/nofp/crtn.o
OUTPUT(GRBL_STM32F103.elf elf32-littlearm)

.debug_info     0x00000000    0x365c9
 .debug_info    0x00000000     0x1626 CMakeFiles/GRBL_STM32F103.elf.dir/App/bsp/inoutputs.c.obj
 .debug_info    0x00001626     0x18d1 CMakeFiles/GRBL_STM32F103.elf.dir/App/bsp/stm32utilities.c.obj
 .debug_info    0x00002ef7     0x1359 CMakeFiles/GRBL_STM32F103.elf.dir/App/grbl/coolant_control.c.obj
 .debug_info    0x00004250     0x13d7 CMakeFiles/GRBL_STM32F103.elf.dir/App/grbl/eeprom.c.obj
 .debug_info    0x00005627     0x1983 CMakeFiles/GRBL_STM32F103.elf.dir/App/grbl/gcode.c.obj
 .debug_info    0x00006faa     0x116d CMakeFiles/GRBL_STM32F103.elf.dir/App/grbl/jog.c.obj
 .debug_info    0x00008117     0x19cc CMakeFiles/GRBL_STM32F103.elf.dir/App/grbl/limits.c.obj
 .debug_info    0x00009ae3     0x1980 CMakeFiles/GRBL_STM32F103.elf.dir/App/grbl/motion_control.c.obj
 .debug_info    0x0000b463     0x143f CMakeFiles/GRBL_STM32F103.elf.dir/App/grbl/nuts_bolts.c.obj
 .debug_info    0x0000c8a2     0x18e1 CMakeFiles/GRBL_STM32F103.elf.dir/App/grbl/planner.c.obj
 .debug_info    0x0000e183     0x16f0 CMakeFiles/GRBL_STM32F103.elf.dir/App/grbl/print.c.obj
 .debug_info    0x0000f873     0x1158 CMakeFiles/GRBL_STM32F103.elf.dir/App/grbl/probe.c.obj
 .debug_info    0x000109cb     0x188d CMakeFiles/GRBL_STM32F103.elf.dir/App/grbl/protocol.c.obj
 .debug_info    0x00012258     0x3f74 CMakeFiles/GRBL_STM32F103.elf.dir/App/grbl/report.c.obj
 .debug_info    0x000161cc     0x135d CMakeFiles/GRBL_STM32F103.elf.dir/App/grbl/serial.c.obj
 .debug_info    0x00017529     0x18c9 CMakeFiles/GRBL_STM32F103.elf.dir/App/grbl/settings.c.obj
 .debug_info    0x00018df2     0x177c CMakeFiles/GRBL_STM32F103.elf.dir/App/grbl/spindle_control.c.obj
 .debug_info    0x0001a56e     0x2482 CMakeFiles/GRBL_STM32F103.elf.dir/App/grbl/stepper.c.obj
 .debug_info    0x0001c9f0     0x1c86 CMakeFiles/GRBL_STM32F103.elf.dir/App/grbl/system.c.obj